Component: Arm Compiler for Embedded 6.21 Tool: armlink [5ec1fa00]

==============================================================================

Section Cross References

    main.o(.text.Init_USARTx) refers to uart.o(.text.UART1_Init) for UART1_Init
    main.o(.text.Init_USARTx) refers to uart.o(.text.UART1_GPIO_Init) for UART1_GPIO_Init
    main.o(.text.Init_USARTx) refers to uart.o(.text.USART_Init) for USART_Init
    main.o(.text.Init_USARTx) refers to main.o(.text.__NVIC_EnableIRQ) for __NVIC_EnableIRQ
    main.o(.text.Init_USARTx) refers to main.o(.text.__NVIC_SetPriority) for __NVIC_SetPriority
    main.o(.text.Init_USARTx) refers to uart.o(.text.UART2_Init) for UART2_Init
    main.o(.text.Init_USARTx) refers to uart.o(.text.UART2_GPIO_Init) for UART2_GPIO_Init
    main.o(.ARM.exidx.text.Init_USARTx) refers to main.o(.text.Init_USARTx) for [Anonymous Symbol]
    main.o(.ARM.exidx.text.__NVIC_EnableIRQ) refers to main.o(.text.__NVIC_EnableIRQ) for [Anonymous Symbol]
    main.o(.ARM.exidx.text.__NVIC_SetPriority) refers to main.o(.text.__NVIC_SetPriority) for [Anonymous Symbol]
    main.o(.text.UART_onInput) refers to motor.o(.text.setDire) for setDire
    main.o(.text.UART_onInput) refers to main.o(.rodata.str1.1) for .L.str
    main.o(.text.UART_onInput) refers to uart.o(.text.UART_print) for UART_print
    main.o(.text.UART_onInput) refers to main.o(.bss.doorStatus) for doorStatus
    main.o(.text.UART_onInput) refers to main.o(.bss.commandDelay) for commandDelay
    main.o(.ARM.exidx.text.UART_onInput) refers to main.o(.text.UART_onInput) for [Anonymous Symbol]
    main.o(.text.main) refers to sysclock.o(.text.System_Clock_Init) for System_Clock_Init
    main.o(.text.main) refers to motor.o(.text.Motor_Init) for Motor_Init
    main.o(.text.main) refers to systimer.o(.text.SysTick_Init) for SysTick_Init
    main.o(.text.main) refers to spi.o(.text.SPI1_GPIO_Init) for SPI1_GPIO_Init
    main.o(.text.main) refers to spi.o(.text.SPI1_Init) for SPI1_Init
    main.o(.text.main) refers to accelerometer.o(.text.initAcc) for initAcc
    main.o(.text.main) refers to i2c.o(.text.I2C_GPIO_Init) for I2C_GPIO_Init
    main.o(.text.main) refers to i2c.o(.text.I2C_Initialization) for I2C_Initialization
    main.o(.text.main) refers to dma.o(.text.DMA_Init_UARTx) for DMA_Init_UARTx
    main.o(.text.main) refers to main.o(.text.Init_USARTx) for Init_USARTx
    main.o(.text.main) refers to main.o(.bss.buffer) for buffer
    main.o(.text.main) refers to main.o(.rodata.str1.1) for .L.str.5
    main.o(.text.main) refers to sprintf.o(.text) for sprintf
    main.o(.text.main) refers to uart.o(.text.UART_print) for UART_print
    main.o(.text.main) refers to motor.o(.text.setDire) for setDire
    main.o(.text.main) refers to main.o(.bss.SecondaryAddress) for SecondaryAddress
    main.o(.text.main) refers to main.o(.bss.Data_Send) for Data_Send
    main.o(.text.main) refers to main.o(.bss.x) for x
    main.o(.text.main) refers to main.o(.bss.y) for y
    main.o(.text.main) refers to main.o(.bss.z) for z
    main.o(.text.main) refers to accelerometer.o(.text.readValues) for readValues
    main.o(.text.main) refers to i2c.o(.text.I2C_SendData) for I2C_SendData
    main.o(.text.main) refers to main.o(.bss.Data_Receive) for Data_Receive
    main.o(.text.main) refers to i2c.o(.text.I2C_ReceiveData) for I2C_ReceiveData
    main.o(.text.main) refers to main.o(.bss.commandDelay) for commandDelay
    main.o(.text.main) refers to main.o(.bss.doorStatus) for doorStatus
    main.o(.text.main) refers to main.o(.bss.tempState) for tempState
    main.o(.text.main) refers to dcmp.o(x$fpl$fcmp) for __aeabi_dcmpge
    main.o(.text.main) refers to main.o(.bss.messageDelay) for messageDelay
    main.o(.text.main) refers to main.o(.bss.tempPrev) for tempPrev
    main.o(.text.main) refers to systimer.o(.text.delay) for delay
    main.o(.ARM.exidx.text.main) refers to main.o(.text.main) for [Anonymous Symbol]
    startup_stm32l476xx.o(STACK) refers (Special) to heapauxi.o(.text) for __use_two_region_memory
    startup_stm32l476xx.o(HEAP) refers (Special) to heapauxi.o(.text) for __use_two_region_memory
    startup_stm32l476xx.o(RESET) refers (Special) to heapauxi.o(.text) for __use_two_region_memory
    startup_stm32l476xx.o(RESET) refers to startup_stm32l476xx.o(STACK) for __initial_sp
    startup_stm32l476xx.o(RESET) refers to startup_stm32l476xx.o(.text) for Reset_Handler
    startup_stm32l476xx.o(RESET) refers to systimer.o(.text.SysTick_Handler) for SysTick_Handler
    startup_stm32l476xx.o(RESET) refers to uart.o(.text.USART1_IRQHandler) for USART1_IRQHandler
    startup_stm32l476xx.o(RESET) refers to uart.o(.text.USART2_IRQHandler) for USART2_IRQHandler
    startup_stm32l476xx.o(.text) refers (Special) to heapauxi.o(.text) for __use_two_region_memory
    startup_stm32l476xx.o(.text) refers to __main.o(!!!main) for __main
[...]
    .text                                    0x080003b8   Section        0  strlen.o(.text)
    .text                                    0x080003f6   Section        0  heapauxi.o(.text)
    .text                                    0x080003fc   Section        0  _printf_pad.o(.text)
    .text                                    0x0800044a   Section        0  _printf_truncate.o(.text)
    .text                                    0x0800046e   Section        0  _printf_str.o(.text)
    .text                                    0x080004c0   Section        0  _printf_dec.o(.text)
    .text                                    0x08000538   Section        0  _printf_charcount.o(.text)
    _printf_input_char                       0x08000561   Thumb Code    10  _printf_char_common.o(.text)
    .text                                    0x08000560   Section        0  _printf_char_common.o(.text)
    .text                                    0x08000590   Section        0  _sputc.o(.text)
    .text                                    0x0800059c   Section        0  _printf_wctomb.o(.text)
    .text                                    0x08000660   Section        0  _printf_longlong_dec.o(.text)
    _printf_longlong_oct_internal            0x080006dd   Thumb Code     0  _printf_oct_int_ll.o(.text)
    .text                                    0x080006dc   Section        0  _printf_oct_int_ll.o(.text)
    _printf_hex_common                       0x0800074d   Thumb Code     0  _printf_hex_int_ll_ptr.o(.text)
    .text                                    0x0800074c   Section        0  _printf_hex_int_ll_ptr.o(.text)
    .text                                    0x080007e0   Section        0  __printf_flags_ss_wp.o(.text)
    .text                                    0x0800096e   Section      138  lludiv10.o(.text)
    .text                                    0x080009f8   Section        0  _printf_intcommon.o(.text)
    _fp_digits                               0x08000aab   Thumb Code   432  _printf_fp_dec.o(.text)
    .text                                    0x08000aaa   Section        0  _printf_fp_dec.o(.text)
    .text                                    0x08000ecc   Section        0  _printf_fp_hex.o(.text)
    .text                                    0x080011ce   Section        0  _printf_char.o(.text)
    .text                                    0x080011fa   Section        0  _printf_wchar.o(.text)
    .text                                    0x08001226   Section        0  _c16rtomb.o(.text)
    .text                                    0x0800126e   Section       74  sys_stackheap_outer.o(.text)
    .text                                    0x080012b8   Section       16  rt_ctype_table.o(.text)
    .text                                    0x080012c8   Section        8  rt_locale_intlibspace.o(.text)
    .text                                    0x080012d0   Section        0  _printf_fp_infnan.o(.text)
    .text                                    0x08001350   Section        0  bigflt0.o(.text)
    .text                                    0x08001434   Section        0  exit.o(.text)
    .text                                    0x08001448   Section        8  libspace.o(.text)
    .text                                    0x08001450   Section      124  strcmpv7em.o(.text)
    .text                                    0x080014cc   Section        0  sys_exit.o(.text)
    .text                                    0x080014d8   Section        2  use_no_semi.o(.text)
    .text                                    0x080014da   Section        0  indicate_semi.o(.text)
    [Anonymous Symbol]                       0x080014dc   Section        0  dma.o(.text.DMA_Init_UARTx)
    [Anonymous Symbol]                       0x08001598   Section        0  i2c.o(.text.I2C_GPIO_Init)
    [Anonymous Symbol]                       0x08001654   Section        0  i2c.o(.text.I2C_Initialization)
    [Anonymous Symbol]                       0x08001760   Section        0  i2c.o(.text.I2C_ReceiveData)
    [Anonymous Symbol]                       0x080017fc   Section        0  i2c.o(.text.I2C_SendData)
    [Anonymous Symbol]                       0x080018d8   Section        0  i2c.o(.text.I2C_Start)
    [Anonymous Symbol]                       0x08001944   Section        0  i2c.o(.text.I2C_Stop)
    [Anonymous Symbol]                       0x08001968   Section        0  i2c.o(.text.I2C_WaitLineIdle)
    [Anonymous Symbol]                       0x08001980   Section        0  main.o(.text.Init_USARTx)
    [Anonymous Symbol]                       0x080019ec   Section        0  motor.o(.text.Motor_Init)
    [Anonymous Symbol]                       0x08001ae0   Section        0  spi.o(.text.SPI1_GPIO_Init)
    [Anonymous Symbol]                       0x08001c60   Section        0  spi.o(.text.SPI1_Init)
    [Anonymous Symbol]                       0x08001d34   Section        0  spi.o(.text.SPI_Transfer_Data)
    [Anonymous Symbol]                       0x08001d98   Section        0  systimer.o(.text.SysTick_Handler)
    [Anonymous Symbol]                       0x08001dd4   Section        0  systimer.o(.text.SysTick_Init)
    [Anonymous Symbol]                       0x08001e2c   Section        0  sysclock.o(.text.System_Clock_Init)
    [Anonymous Symbol]                       0x08002000   Section        0  uart.o(.text.UART1_GPIO_Init)
    [Anonymous Symbol]                       0x080020cc   Section        0  uart.o(.text.UART1_Init)
    [Anonymous Symbol]                       0x08002118   Section        0  uart.o(.text.UART2_GPIO_Init)
    [Anonymous Symbol]                       0x080021c8   Section        0  uart.o(.text.UART2_Init)
    [Anonymous Symbol]                       0x08002214   Section        0  main.o(.text.UART_onInput)
    [Anonymous Symbol]                       0x08002350   Section        0  uart.o(.text.UART_print)
    [Anonymous Symbol]                       0x08002440   Section        0  uart.o(.text.USART1_IRQHandler)
    [Anonymous Symbol]                       0x080024a0   Section        0  uart.o(.text.USART2_IRQHandler)
    [Anonymous Symbol]                       0x08002500   Section        0  uart.o(.text.USART_Init)
    __NVIC_EnableIRQ                         0x0800256d   Thumb Code    48  main.o(.text.__NVIC_EnableIRQ)
    [Anonymous Symbol]                       0x0800256c   Section        0  main.o(.text.__NVIC_EnableIRQ)
    __NVIC_EnableIRQ                         0x0800259d   Thumb Code    48  systimer.o(.text.__NVIC_EnableIRQ)
    [Anonymous Symbol]                       0x0800259c   Section        0  systimer.o(.text.__NVIC_EnableIRQ)
    __NVIC_SetPriority                       0x080025cd   Thumb Code    66  main.o(.text.__NVIC_SetPriority)
    [Anonymous Symbol]                       0x080025cc   Section        0  main.o(.text.__NVIC_SetPriority)
    __NVIC_SetPriority                       0x08002611   Thumb Code    66  systimer.o(.text.__NVIC_SetPriority)
    [Anonymous Symbol]                       0x08002610   Section        0  systimer.o(.text.__NVIC_SetPriority)
    [Anonymous Symbol]                       0x08002654   Section        0  accelerometer.o(.text.accRead)
    [Anonymous Symbol]                       0x08002694   Section        0  accelerometer.o(.text.accWrite)
    [Anonymous Symbol]                       0x080026d4   Section        0  systimer.o(.text.delay)
    [Anonymous Symbol]                       0x08002704   Section        0  accelerometer.o(.text.initAcc)
    [Anonymous Symbol]                       0x08002758   Section        0  main.o(.text.main)
    [Anonymous Symbol]                       0x08002b10   Section        0  uart.o(.text.on_complete_transfer)
    [Anonymous Symbol]                       0x08002b78   Section        0  accelerometer.o(.text.readValues)
    [Anonymous Symbol]                       0x08002c94   Section        0  motor.o(.text.rotate)
    [Anonymous Symbol]                       0x08002d34   Section        0  motor.o(.text.setDire)
    [Anonymous Symbol]                       0x08002d4c   Section        0  uart.o(.text.transfer_data)
    CL$$btod_d2e                             0x08002ddc   Section       62  btod.o(CL$$btod_d2e)
    CL$$btod_d2e_denorm_low                  0x08002e1a   Section       70  btod.o(CL$$btod_d2e_denorm_low)
    CL$$btod_d2e_norm_op1                    0x08002e60   Section       96  btod.o(CL$$btod_d2e_norm_op1)
    CL$$btod_div_common                      0x08002ec0   Section      824  btod.o(CL$$btod_div_common)
    CL$$btod_e2e                             0x080031f8   Section      220  btod.o(CL$$btod_e2e)
    CL$$btod_ediv                            0x080032d4   Section       42  btod.o(CL$$btod_ediv)
    CL$$btod_emul                            0x080032fe   Section       42  btod.o(CL$$btod_emul)
    CL$$btod_mult_common                     0x08003328   Section      580  btod.o(CL$$btod_mult_common)
    i.__ARM_fpclassify                       0x0800356c   Section        0  fpclassify.o(i.__ARM_fpclassify)
    i._is_digit                              0x0800359c   Section        0  __printf_wp.o(i._is_digit)
    locale$$code                             0x080035ac   Section       44  lc_numeric_c.o(locale$$code)
    locale$$code                             0x080035d8   Section       44  lc_ctype_c.o(locale$$code)
    $v0                                      0x08003604   Number         0  dcmpi.o(x$fpl$dcmpinf)
    x$fpl$dcmpinf                            0x08003604   Section       24  dcmpi.o(x$fpl$dcmpinf)
    $v0                                      0x0800361c   Number         0  deqf.o(x$fpl$deqf)
    x$fpl$deqf                               0x0800361c   Section      120  deqf.o(x$fpl$deqf)
    $v0                                      0x08003694   Number         0  dflt_clz.o(x$fpl$dflt)
    x$fpl$dflt                               0x08003694   Section       46  dflt_clz.o(x$fpl$dflt)
    $v0                                      0x080036c4   Number         0  dgeqf.o(x$fpl$dgeqf)
    x$fpl$dgeqf                              0x080036c4   Section      120  dgeqf.o(x$fpl$dgeqf)
    $v0                                      0x0800373c   Number         0  dleqf.o(x$fpl$dleqf)
    x$fpl$dleqf                              0x0800373c   Section      120  dleqf.o(x$fpl$dleqf)
    $v0                                      0x080037b4   Number         0  dmul.o(x$fpl$dmul)
    x$fpl$dmul                               0x080037b4   Section      340  dmul.o(x$fpl$dmul)
    $v0                                      0x08003908   Number         0  dnaninf.o(x$fpl$dnaninf)
    x$fpl$dnaninf                            0x08003908   Section      156  dnaninf.o(x$fpl$dnaninf)
    $v0                                      0x080039a4   Number         0  dretinf.o(x$fpl$dretinf)
    x$fpl$dretinf                            0x080039a4   Section       12  dretinf.o(x$fpl$dretinf)
    $v0                                      0x080039b0   Number         0  dcmp.o(x$fpl$fcmp)
    x$fpl$fcmp                               0x080039b0   Section       84  dcmp.o(x$fpl$fcmp)
    $v0                                      0x08003a04   Number         0  fpinit.o(x$fpl$fpinit)
    x$fpl$fpinit                             0x08003a04   Section       26  fpinit.o(x$fpl$fpinit)
    $v0                                      0x08003a1e   Number         0  printf1.o(x$fpl$printf1)
    x$fpl$printf1                            0x08003a1e   Section        4  printf1.o(x$fpl$printf1)
    $v0                                      0x08003a22   Number         0  printf2.o(x$fpl$printf2)
    x$fpl$printf2                            0x08003a22   Section        4  printf2.o(x$fpl$printf2)
    x$fpl$usenofp                            0x08003a26   Section        0  usenofp.o(x$fpl$usenofp)
    initial_mbstate                          0x08003a28   Data           8  _printf_wctomb.o(.constdata)
    .constdata                               0x08003a28   Section        8  _printf_wctomb.o(.constdata)
    uc_hextab                                0x08003a30   Data          20  _printf_hex_int_ll_ptr.o(.constdata)
    .constdata                               0x08003a30   Section       40  _printf_hex_int_ll_ptr.o(.constdata)
    lc_hextab                                0x08003a44   Data          20  _printf_hex_int_ll_ptr.o(.constdata)
    maptable                                 0x08003a58   Data          17  __printf_flags_ss_wp.o(.constdata)
    .constdata                               0x08003a58   Section       17  __printf_flags_ss_wp.o(.constdata)
    lc_hextab                                0x08003a69   Data          19  _printf_fp_hex.o(.constdata)
    .constdata                               0x08003a69   Section       38  _printf_fp_hex.o(.constdata)
    uc_hextab                                0x08003a7c   Data          19  _printf_fp_hex.o(.constdata)
    tenpwrs_x                                0x08003a90   Data          60  bigflt0.o(.constdata)
    .constdata                               0x08003a90   Section      148  bigflt0.o(.constdata)
    tenpwrs_i                                0x08003acc   Data          64  bigflt0.o(.constdata)
    HalfStep                                 0x08003b24   Data          32  motor.o(.rodata.HalfStep)
    [Anonymous Symbol]                       0x08003b24   Section        0  motor.o(.rodata.HalfStep)
    .L.str.5                                 0x08003b44   Data          22  main.o(.rodata.str1.1)
    [Anonymous Symbol]                       0x08003b44   Section        0  main.o(.rodata.str1.1)
    .L.str.7                                 0x08003b5a   Data          37  main.o(.rodata.str1.1)
    .L.str.6                                 0x08003b7f   Data          37  main.o(.rodata.str1.1)
    .L.str.8                                 0x08003ba4   Data          17  main.o(.rodata.str1.1)
    .L.str.1                                 0x08003bb5   Data          19  main.o(.rodata.str1.1)
    .L.str                                   0x08003bc8   Data          26  main.o(.rodata.str1.1)
    .L.str.2                                 0x08003be2   Data          14  main.o(.rodata.str1.1)
    .L.str.3                                 0x08003bf0   Data          14  main.o(.rodata.str1.1)
    .L.str.4                                 0x08003bfe   Data          23  main.o(.rodata.str1.1)
    locale$$data                             0x08003c38   Section       28  lc_numeric_c.o(locale$$data)
    __lcnum_c_name                           0x08003c3c   Data           2  lc_numeric_c.o(locale$$data)
    __lcnum_c_start                          0x08003c44   Data           0  lc_numeric_c.o(locale$$data)
    __lcnum_c_point                          0x08003c50   Data           0  lc_numeric_c.o(locale$$data)
    __lcnum_c_thousands                      0x08003c52   Data           0  lc_numeric_c.o(locale$$data)
    __lcnum_c_grouping                       0x08003c53   Data           0  lc_numeric_c.o(locale$$data)
    __lcnum_c_end                            0x08003c54   Data           0  lc_numeric_c.o(locale$$data)
    locale$$data                             0x08003c54   Section      272  lc_ctype_c.o(locale$$data)
    __lcctype_c_name                         0x08003c58   Data           2  lc_ctype_c.o(locale$$data)
    __lcctype_c_start                        0x08003c60   Data           0  lc_ctype_c.o(locale$$data)
    __lcctype_c_end                          0x08003d64   Data           0  lc_ctype_c.o(locale$$data)
    active                                   0x20000000   Data           4  uart.o(.data.active)
    [Anonymous Symbol]                       0x20000000   Section        0  uart.o(.data.active)
    pending                                  0x20000004   Data           4  uart.o(.data.pending)
    [Anonymous Symbol]                       0x20000004   Section        0  uart.o(.data.pending)
    tx                                       0x20000008   Data           4  uart.o(.data.tx)
    [Anonymous Symbol]                       0x20000008   Section        0  uart.o(.data.tx)
    .bss                                     0x20000010   Section       96  libspace.o(.bss)
    buffer                                   0x20000073   Data         256  main.o(.bss.buffer)
    [Anonymous Symbol]                       0x20000073   Section        0  main.o(.bss.buffer)
    data_t_0                                 0x2000017e   Data         256  uart.o(.bss.data_t_0)
    [Anonymous Symbol]                       0x2000017e   Section        0  uart.o(.bss.data_t_0)
    data_t_1                                 0x2000027e   Data         256  uart.o(.bss.data_t_1)
    [Anonymous Symbol]                       0x2000027e   Section        0  uart.o(.bss.data_t_1)
    dire                                     0x2000037e   Data           1  motor.o(.bss.dire)
    [Anonymous Symbol]                       0x2000037e   Section        0  motor.o(.bss.dire)
    doorStatus                               0x2000037f   Data           1  main.o(.bss.doorStatus)
    [Anonymous Symbol]                       0x2000037f   Section        0  main.o(.bss.doorStatus)
    input_size                               0x20000380   Data           1  uart.o(.bss.input_size)
    [Anonymous Symbol]                       0x20000380   Section        0  uart.o(.bss.input_size)
    inputs                                   0x20000381   Data         256  uart.o(.bss.inputs)
    [Anonymous Symbol]                       0x20000381   Section        0  uart.o(.bss.inputs)
    motor_ticks                              0x20000488   Data           4  systimer.o(.bss.motor_ticks)
    [Anonymous Symbol]                       0x20000488   Section        0  systimer.o(.bss.motor_ticks)
    pending_size                             0x2000048c   Data           1  uart.o(.bss.pending_size)
    [Anonymous Symbol]                       0x2000048c   Section        0  uart.o(.bss.pending_size)
    step                                     0x20000490   Data           4  systimer.o(.bss.step)
    [Anonymous Symbol]                       0x20000490   Section        0  systimer.o(.bss.step)
    Heap_Mem                                 0x200004b8   Data         512  startup_stm32l476xx.o(HEAP)
    HEAP                                     0x200004b8   Section      512  startup_stm32l476xx.o(HEAP)
    Stack_Mem                                0x200006b8   Data        1024  startup_stm32l476xx.o(STACK)
    STACK                                    0x200006b8   Section     1024  startup_stm32l476xx.o(STACK)
    __initial_sp                             0x20000ab8   Data           0  startup_stm32l476xx.o(STACK)

    Global Symbols

    Symbol Name                              Value     Ov Type        Size  Object(Section)

    BuildAttributes$$THM_ISAv4$E$P$D$K$B$S$7EM$VFPi3$EXTD16$VFPS$VFMA$PE$A:L22UL41UL21$X:L11$S22US41US21$IEEE1$IW$~IW$USESV6$~STKCKD$USESV7$~SHL$OTIME$ROPI$IEEEJ$EBA8$UX$STANDARDLIB$REQ8$PRES8$EABIv2 0x00000000   Number         0  anon$$obj.o ABSOLUTE
    Image$$ER_IROM1$$RW$$Length              0x00000000   Number         0  anon$$obj.o ABSOLUTE
    Image$$ER_IROM1$$ZI$$Length              0x00000000   Number         0  anon$$obj.o ABSOLUTE
    Image$$RW_IRAM1$$RO$$Length              0x00000000   Number         0  anon$$obj.o ABSOLUTE
    _printf_flags                            0x00000000   Number         0  printf_stubs.o ABSOLUTE
    _printf_return_value                     0x00000000   Number         0  printf_stubs.o ABSOLUTE
    _printf_sizespec                         0x00000000   Number         0  printf_stubs.o ABSOLUTE
    _printf_widthprec                        0x00000000   Number         0  printf_stubs.o ABSOLUTE
    __ARM_exceptions_init                     - Undefined Weak Reference
    __alloca_initialize                       - Undefined Weak Reference
    __arm_preinit_                            - Undefined Weak Reference
    __arm_relocate_pie_                       - Undefined Weak Reference
    __cpp_initialize__aeabi_                  - Undefined Weak Reference
    __cxa_finalize                            - Undefined Weak Reference
    __sigvec_lookup                           - Undefined Weak Reference
    _atexit_init                              - Undefined Weak Reference
    _call_atexit_fns                          - Undefined Weak Reference
    _clock_init                               - Undefined Weak Reference
    _fp_trap_init                             - Undefined Weak Reference
    _fp_trap_shutdown                         - Undefined Weak Reference
    _get_lc_collate                           - Undefined Weak Reference
    _get_lc_monetary                          - Undefined Weak Reference
    _get_lc_time                              - Undefined Weak Reference
    _getenv_init                              - Undefined Weak Reference
    _handle_redirection                       - Undefined Weak Reference
    _init_alloc                               - Undefined Weak Reference
    _init_user_alloc                          - Undefined Weak Reference
    _initio                                   - Undefined Weak Reference
    _printf_mbtowc                            - Undefined Weak Reference
    _printf_wc                                - Undefined Weak Reference
    _rand_init                                - Undefined Weak Reference
    _signal_finish                            - Undefined Weak Reference
    _signal_init                              - Undefined Weak Reference
    _terminate_alloc                          - Undefined Weak Reference
    _terminate_user_alloc                     - Undefined Weak Reference
    _terminateio                              - Undefined Weak Reference
    Image$$RW_IRAM1$$Length                  0x00000010   Number         0  anon$$obj.o ABSOLUTE
    Image$$RW_IRAM1$$RW$$Length              0x00000010   Number         0  anon$$obj.o ABSOLUTE
    __Vectors_Size                           0x00000188   Number         0  startup_stm32l476xx.o ABSOLUTE
    Image$$RW_IRAM1$$ZI$$Length              0x00000aa8   Number         0  anon$$obj.o ABSOLUTE
    Image$$ER_IROM1$$RO$$Length              0x00003d64   Number         0  anon$$obj.o ABSOLUTE
    Image$$ER_IROM1$$RO$$Base                0x08000000   Number         0  anon$$obj.o ABSOLUTE
    Load$$ER_IROM1$$Base                     0x08000000   Number         0  anon$$obj.o ABSOLUTE
    __Vectors                                0x08000000   Data           4  startup_stm32l476xx.o(RESET)
    __Vectors_End                            0x08000188   Data           0  startup_stm32l476xx.o(RESET)
    __main                                   0x08000189   Thumb Code     8  __main.o(!!!main)
    __scatterload                            0x08000191   Thumb Code     0  __scatter.o(!!!scatter)
    __scatterload_rt2                        0x08000191   Thumb Code    84  __scatter.o(!!!scatter)
    __scatterload_rt2_thumb_only             0x08000191   Thumb Code     0  __scatter.o(!!!scatter)
    __scatterload_loop                       0x0800019b   Thumb Code     0  __scatter.o(!!!scatter)
    __scatterload_copy                       0x080001ed   Thumb Code    26  __scatter_copy.o(!!handler_copy)
    __scatterload_null                       0x08000209   Thumb Code     2  __scatter.o(!!handler_null)
    __scatterload_zeroinit                   0x0800020d   Thumb Code    28  __scatter_zi.o(!!handler_zi)
    _printf_n                                0x08000229   Thumb Code     0  _printf_n.o(.ARM.Collect$$_printf_percent$$00000001)
    _printf_percent                          0x08000229   Thumb Code     0  _printf_percent.o(.ARM.Collect$$_printf_percent$$00000000)
    _printf_p                                0x0800022f   Thumb Code     0  _printf_p.o(.ARM.Collect$$_printf_percent$$00000002)
    _printf_f                                0x08000235   Thumb Code     0  _printf_f.o(.ARM.Collect$$_printf_percent$$00000003)
    _printf_e                                0x0800023b   Thumb Code     0  _printf_e.o(.ARM.Collect$$_printf_percent$$00000004)
    _printf_g                                0x08000241   Thumb Code     0  _printf_g.o(.ARM.Collect$$_printf_percent$$00000005)
    _printf_a                                0x08000247   Thumb Code     0  _printf_a.o(.ARM.Collect$$_printf_percent$$00000006)
    _printf_ll                               0x0800024d   Thumb Code     0  _printf_ll.o(.ARM.Collect$$_printf_percent$$00000007)
    _printf_i                                0x08000257   Thumb Code     0  _printf_i.o(.ARM.Collect$$_printf_percent$$00000008)
    _printf_d                                0x0800025d   Thumb Code     0  _printf_d.o(.ARM.Collect$$_printf_percent$$00000009)
    _printf_u                                0x08000263   Thumb Code     0  _printf_u.o(.ARM.Collect$$_printf_percent$$0000000A)
    _printf_o                                0x08000269   Thumb Code     0  _printf_o.o(.ARM.Collect$$_printf_percent$$0000000B)
    _printf_x                                0x0800026f   Thumb Code     0  _printf_x.o(.ARM.Collect$$_printf_percent$$0000000C)
    _printf_lli                              0x08000275   Thumb Code     0  _printf_lli.o(.ARM.Collect$$_printf_percent$$0000000D)
    _printf_lld                              0x0800027b   Thumb Code     0  _printf_lld.o(.ARM.Collect$$_printf_percent$$0000000E)
    _printf_llu                              0x08000281   Thumb Code     0  _printf_llu.o(.ARM.Collect$$_printf_percent$$0000000F)
    _printf_llo                              0x08000287   Thumb Code     0  _printf_llo.o(.ARM.Collect$$_printf_percent$$00000010)
    _printf_llx                              0x0800028d   Thumb Code     0  _printf_llx.o(.ARM.Collect$$_printf_percent$$00000011)
    _printf_l                                0x08000293   Thumb Code     0  _printf_l.o(.ARM.Collect$$_printf_percent$$00000012)
    _printf_c                                0x0800029d   Thumb Code     0  _printf_c.o(.ARM.Collect$$_printf_percent$$00000013)
    _printf_s                                0x080002a3   Thumb Code     0  _printf_s.o(.ARM.Collect$$_printf_percent$$00000014)
    _printf_lc                               0x080002a9   Thumb Code     0  _printf_lc.o(.ARM.Collect$$_printf_percent$$00000015)
    _printf_ls                               0x080002af   Thumb Code     0  _printf_ls.o(.ARM.Collect$$_printf_percent$$00000016)
    _printf_percent_end                      0x080002b5   Thumb Code     0  _printf_percent_end.o(.ARM.Collect$$_printf_percent$$00000017)
    __rt_lib_init                            0x080002b9   Thumb Code     0  libinit.o(.ARM.Collect$$libinit$$00000000)
    __rt_lib_init_fp_1                       0x080002bb   Thumb Code     0  libinit2.o(.ARM.Collect$$libinit$$00000001)
    __rt_lib_init_heap_1                     0x080002bf   Thumb Code     0  libinit2.o(.ARM.Collect$$libinit$$0000000C)
    __rt_lib_init_lc_common                  0x080002bf   Thumb Code     0  libinit2.o(.ARM.Collect$$libinit$$00000011)
    __rt_lib_init_preinit_1                  0x080002bf   Thumb Code     0  libinit2.o(.ARM.Collect$$libinit$$00000006)
    __rt_lib_init_rand_1                     0x080002bf   Thumb Code     0  libinit2.o(.ARM.Collect$$libinit$$00000010)
    __rt_lib_init_relocate_pie_1             0x080002bf   Thumb Code     0  libinit2.o(.ARM.Collect$$libinit$$00000004)
    __rt_lib_init_user_alloc_1               0x080002bf   Thumb Code     0  libinit2.o(.ARM.Collect$$libinit$$0000000E)
    __rt_lib_init_lc_collate_1               0x080002c5   Thumb Code     0  libinit2.o(.ARM.Collect$$libinit$$00000013)
    __rt_lib_init_lc_ctype_2                 0x080002c5   Thumb Code     0  libinit2.o(.ARM.Collect$$libinit$$00000014)
    __rt_lib_init_lc_ctype_1                 0x080002d1   Thumb Code     0  libinit2.o(.ARM.Collect$$libinit$$00000015)
    __rt_lib_init_lc_monetary_1              0x080002d1   Thumb Code     0  libinit2.o(.ARM.Collect$$libinit$$00000017)
    __rt_lib_init_lc_numeric_2               0x080002d1   Thumb Code     0  libinit2.o(.ARM.Collect$$libinit$$00000018)
    __rt_lib_init_alloca_1                   0x080002db   Thumb Code     0  libinit2.o(.ARM.Collect$$libinit$$00000030)
    __rt_lib_init_argv_1                     0x080002db   Thumb Code     0  libinit2.o(.ARM.Collect$$libinit$$0000002E)
    __rt_lib_init_atexit_1                   0x080002db   Thumb Code     0  libinit2.o(.ARM.Collect$$libinit$$0000001D)
    __rt_lib_init_clock_1                    0x080002db   Thumb Code     0  libinit2.o(.ARM.Collect$$libinit$$00000023)
    __rt_lib_init_cpp_1                      0x080002db   Thumb Code     0  libinit2.o(.ARM.Collect$$libinit$$00000034)
    __rt_lib_init_exceptions_1               0x080002db   Thumb Code     0  libinit2.o(.ARM.Collect$$libinit$$00000032)
    __rt_lib_init_fp_trap_1                  0x080002db   Thumb Code     0  libinit2.o(.ARM.Collect$$libinit$$00000021)
    __rt_lib_init_getenv_1                   0x080002db   Thumb Code     0  libinit2.o(.ARM.Collect$$libinit$$00000025)
    __rt_lib_init_lc_numeric_1               0x080002db   Thumb Code     0  libinit2.o(.ARM.Collect$$libinit$$00000019)
    __rt_lib_init_lc_time_1                  0x080002db   Thumb Code     0  libinit2.o(.ARM.Collect$$libinit$$0000001B)
    __rt_lib_init_return                     0x080002db   Thumb Code     0  libinit2.o(.ARM.Collect$$libinit$$00000035)
    __rt_lib_init_signal_1                   0x080002db   Thumb Code     0  libinit2.o(.ARM.Collect$$libinit$$0000001F)
    __rt_lib_init_stdio_1                    0x080002db   Thumb Code     0  libinit2.o(.ARM.Collect$$libinit$$00000027)
    __rt_lib_shutdown                        0x080002dd   Thumb Code     0  libshutdown.o(.ARM.Collect$$libshutdown$$00000000)
    __rt_lib_shutdown_cpp_1                  0x080002df   Thumb Code     0  libshutdown2.o(.ARM.Collect$$libshutdown$$00000002)
    __rt_lib_shutdown_fp_trap_1              0x080002df   Thumb Code     0  libshutdown2.o(.ARM.Collect$$libshutdown$$00000007)
    __rt_lib_shutdown_heap_1                 0x080002df   Thumb Code     0  libshutdown2.o(.ARM.Collect$$libshutdown$$0000000F)
    __rt_lib_shutdown_return                 0x080002df   Thumb Code     0  libshutdown2.o(.ARM.Collect$$libshutdown$$00000010)
    __rt_lib_shutdown_signal_1               0x080002df   Thumb Code     0  libshutdown2.o(.ARM.Collect$$libshutdown$$0000000A)
    __rt_lib_shutdown_stdio_1                0x080002df   Thumb Code     0  libshutdown2.o(.ARM.Collect$$libshutdown$$00000004)
    __rt_lib_shutdown_user_alloc_1           0x080002df   Thumb Code     0  libshutdown2.o(.ARM.Collect$$libshutdown$$0000000C)
    __rt_entry                               0x080002e1   Thumb Code     0  __rtentry.o(.ARM.Collect$$rtentry$$00000000)
    __rt_entry_presh_1                       0x080002e1   Thumb Code     0  __rtentry2.o(.ARM.Collect$$rtentry$$00000002)
    __rt_entry_sh                            0x080002e1   Thumb Code     0  __rtentry4.o(.ARM.Collect$$rtentry$$00000004)
    __rt_entry_li                            0x080002e7   Thumb Code     0  __rtentry2.o(.ARM.Collect$$rtentry$$0000000A)
    __rt_entry_postsh_1                      0x080002e7   Thumb Code     0  __rtentry2.o(.ARM.Collect$$rtentry$$00000009)
    __rt_entry_main                          0x080002eb   Thumb Code     0  __rtentry2.o(.ARM.Collect$$rtentry$$0000000D)
    __rt_entry_postli_1                      0x080002eb   Thumb Code     0  __rtentry2.o(.ARM.Collect$$rtentry$$0000000C)
    __rt_exit                                0x080002f3   Thumb Code     0  rtexit.o(.ARM.Collect$$rtexit$$00000000)
    __rt_exit_ls                             0x080002f5   Thumb Code     0  rtexit2.o(.ARM.Collect$$rtexit$$00000003)
    __rt_exit_prels_1                        0x080002f5   Thumb Code     0  rtexit2.o(.ARM.Collect$$rtexit$$00000002)
    __rt_exit_exit                           0x080002f9   Thumb Code     0  rtexit2.o(.ARM.Collect$$rtexit$$00000004)
    Reset_Handler                            0x08000301   Thumb Code    62  startup_stm32l476xx.o(.text)
    NMI_Handler                              0x0800033f   Thumb Code     2  startup_stm32l476xx.o(.text)
    HardFault_Handler                        0x08000341   Thumb Code     2  startup_stm32l476xx.o(.text)
    MemManage_Handler                        0x08000343   Thumb Code     2  startup_stm32l476xx.o(.text)
    BusFault_Handler                         0x08000345   Thumb Code     2  startup_stm32l476xx.o(.text)
    UsageFault_Handler                       0x08000347   Thumb Code     2  startup_stm32l476xx.o(.text)
    SVC_Handler                              0x08000349   Thumb Code     2  startup_stm32l476xx.o(.text)
    DebugMon_Handler                         0x0800034b   Thumb Code     2  startup_stm32l476xx.o(.text)
    PendSV_Handler                           0x0800034d   Thumb Code     2  startup_stm32l476xx.o(.text)
    ADC1_2_IRQHandler                        0x08000351   Thumb Code     0  startup_stm32l476xx.o(.text)
    ADC3_IRQHandler                          0x08000351   Thumb Code     0  startup_stm32l476xx.o(.text)
    CAN1_RX0_IRQHandler                      0x08000351   Thumb Code     0  startup_stm32l476xx.o(.text)
    CAN1_RX1_IRQHandler                      0x08000351   Thumb Code     0  startup_stm32l476xx.o(.text)
    CAN1_SCE_IRQHandler                      0x08000351   Thumb Code     0  startup_stm32l476xx.o(.text)
    CAN1_TX_IRQHandler                       0x08000351   Thumb Code     0  startup_stm32l476xx.o(.text)
    COMP_IRQHandler                          0x08000351   Thumb Code     0  startup_stm32l476xx.o(.text)
    DFSDM0_IRQHandler                        0x08000351   Thumb Code     0  startup_stm32l476xx.o(.text)
    DFSDM1_IRQHandler                        0x08000351   Thumb Code     0  startup_stm32l476xx.o(.text)
    DFSDM2_IRQHandler                        0x08000351   Thumb Code     0  startup_stm32l476xx.o(.text)
    DFSDM3_IRQHandler                        0x08000351   Thumb Code     0  startup_stm32l476xx.o(.text)
    DMA1_Channel1_IRQHandler                 0x08000351   Thumb Code     0  startup_stm32l476xx.o(.text)
    DMA1_Channel2_IRQHandler                 0x08000351   Thumb Code     0  startup_stm32l476xx.o(.text)
    DMA1_Channel3_IRQHandler                 0x08000351   Thumb Code     0  startup_stm32l476xx.o(.text)
    DMA1_Channel4_IRQHandler                 0x08000351   Thumb Code     0  startup_stm32l476xx.o(.text)
    DMA1_Channel5_IRQHandler                 0x08000351   Thumb Code     0  startup_stm32l476xx.o(.text)
    DMA1_Channel6_IRQHandler                 0x08000351   Thumb Code     0  startup_stm32l476xx.o(.text)
    DMA1_Channel7_IRQHandler                 0x08000351   Thumb Code     0  startup_stm32l476xx.o(.text)
    DMA2_Channel1_IRQHandler                 0x08000351   Thumb Code     0  startup_stm32l476xx.o(.text)
    DMA2_Channel2_IRQHandler                 0x08000351   Thumb Code     0  startup_stm32l476xx.o(.text)
    DMA2_Channel3_IRQHandler                 0x08000351   Thumb Code     0  startup_stm32l476xx.o(.text)
    DMA2_Channel4_IRQHandler                 0x08000351   Thumb Code     0  startup_stm32l476xx.o(.text)
    DMA2_Channel5_IRQHandler                 0x08000351   Thumb Code     0  startup_stm32l476xx.o(.text)
    DMA2_Channel6_IRQHandler                 0x08000351   Thumb Code     0  startup_stm32l476xx.o(.text)
    DMA2_Channel7_IRQHandler                 0x08000351   Thumb Code     0  startup_stm32l476xx.o(.text)
    EXTI0_IRQHandler                         0x08000351   Thumb Code     0  startup_stm32l476xx.o(.text)
    EXTI15_10_IRQHandler                     0x08000351   Thumb Code     0  startup_stm32l476xx.o(.text)
    EXTI1_IRQHandler                         0x08000351   Thumb Code     0  startup_stm32l476xx.o(.text)
    EXTI2_IRQHandler                         0x08000351   Thumb Code     0  startup_stm32l476xx.o(.text)
    EXTI3_IRQHandler                         0x08000351   Thumb Code     0  startup_stm32l476xx.o(.text)
    EXTI4_IRQHandler                         0x08000351   Thumb Code     0  startup_stm32l476xx.o(.text)
    EXTI9_5_IRQHandler                       0x08000351   Thumb Code     0  startup_stm32l476xx.o(.text)
    FLASH_IRQHandler                         0x08000351   Thumb Code     0  startup_stm32l476xx.o(.text)
    FMC_IRQHandler                           0x08000351   Thumb Code     0  startup_stm32l476xx.o(.text)
    FPU_IRQHandler                           0x08000351   Thumb Code     0  startup_stm32l476xx.o(.text)
    I2C1_ER_IRQHandler                       0x08000351   Thumb Code     0  startup_stm32l476xx.o(.text)
    I2C1_EV_IRQHandler                       0x08000351   Thumb Code     0  startup_stm32l476xx.o(.text)
    I2C2_ER_IRQHandler                       0x08000351   Thumb Code     0  startup_stm32l476xx.o(.text)
    I2C2_EV_IRQHandler                       0x08000351   Thumb Code     0  startup_stm32l476xx.o(.text)
    I2C3_ER_IRQHandler                       0x08000351   Thumb Code     0  startup_stm32l476xx.o(.text)
    I2C3_EV_IRQHandler                       0x08000351   Thumb Code     0  startup_stm32l476xx.o(.text)
    LCD_IRQHandler                           0x08000351   Thumb Code     0  startup_stm32l476xx.o(.text)
    LPTIM1_IRQHandler                        0x08000351   Thumb Code     0  startup_stm32l476xx.o(.text)
    LPTIM2_IRQHandler                        0x08000351   Thumb Code     0  startup_stm32l476xx.o(.text)
    LPUART1_IRQHandler                       0x08000351   Thumb Code     0  startup_stm32l476xx.o(.text)
    OTG_FS_IRQHandler                        0x08000351   Thumb Code     0  startup_stm32l476xx.o(.text)
    PVD_PVM_IRQHandler                       0x08000351   Thumb Code     0  startup_stm32l476xx.o(.text)
    QUADSPI_IRQHandler                       0x08000351   Thumb Code     0  startup_stm32l476xx.o(.text)
    RCC_IRQHandler                           0x08000351   Thumb Code     0  startup_stm32l476xx.o(.text)
    RNG_IRQHandler                           0x08000351   Thumb Code     0  startup_stm32l476xx.o(.text)
    RTC_Alarm_IRQHandler                     0x08000351   Thumb Code     0  startup_stm32l476xx.o(.text)
    RTC_WKUP_IRQHandler                      0x08000351   Thumb Code     0  startup_stm32l476xx.o(.text)
    SAI1_IRQHandler                          0x08000351   Thumb Code     0  startup_stm32l476xx.o(.text)
    SAI2_IRQHandler                          0x08000351   Thumb Code     0  startup_stm32l476xx.o(.text)
    SDMMC1_IRQHandler                        0x08000351   Thumb Code     0  startup_stm32l476xx.o(.text)
    SPI1_IRQHandler                          0x08000351   Thumb Code     0  startup_stm32l476xx.o(.text)
    SPI2_IRQHandler                          0x08000351   Thumb Code     0  startup_stm32l476xx.o(.text)
    SPI3_IRQHandler                          0x08000351   Thumb Code     0  startup_stm32l476xx.o(.text)
    SWPMI1_IRQHandler                        0x08000351   Thumb Code     0  startup_stm32l476xx.o(.text)
    TAMP_STAMP_IRQHandler                    0x08000351   Thumb Code     0  startup_stm32l476xx.o(.text)
    TIM1_BRK_TIM15_IRQHandler                0x08000351   Thumb Code     0  startup_stm32l476xx.o(.text)
    TIM1_CC_IRQHandler                       0x08000351   Thumb Code     0  startup_stm32l476xx.o(.text)
    TIM1_TRG_COM_TIM17_IRQHandler            0x08000351   Thumb Code     0  startup_stm32l476xx.o(.text)
    TIM1_UP_TIM16_IRQHandler                 0x08000351   Thumb Code     0  startup_stm32l476xx.o(.text)
    TIM2_IRQHandler                          0x08000351   Thumb Code     0  startup_stm32l476xx.o(.text)
    TIM3_IRQHandler                          0x08000351   Thumb Code     0  startup_stm32l476xx.o(.text)
    TIM4_IRQHandler                          0x08000351   Thumb Code     0  startup_stm32l476xx.o(.text)
    TIM5_IRQHandler                          0x08000351   Thumb Code     0  startup_stm32l476xx.o(.text)
    TIM6_DAC_IRQHandler                      0x08000351   Thumb Code     0  startup_stm32l476xx.o(.text)
    TIM7_IRQHandler                          0x08000351   Thumb Code     0  startup_stm32l476xx.o(.text)
    TIM8_BRK_IRQHandler                      0x08000351   Thumb Code     0  startup_stm32l476xx.o(.text)
    TIM8_CC_IRQHandler                       0x08000351   Thumb Code     0  startup_stm32l476xx.o(.text)
    TIM8_TRG_COM_IRQHandler                  0x08000351   Thumb Code     0  startup_stm32l476xx.o(.text)
    TIM8_UP_IRQHandler                       0x08000351   Thumb Code     0  startup_stm32l476xx.o(.text)
    TSC_IRQHandler                           0x08000351   Thumb Code     0  startup_stm32l476xx.o(.text)
    UART4_IRQHandler                         0x08000351   Thumb Code     0  startup_stm32l476xx.o(.text)
    UART5_IRQHandler                         0x08000351   Thumb Code     0  startup_stm32l476xx.o(.text)
    USART3_IRQHandler                        0x08000351   Thumb Code     0  startup_stm32l476xx.o(.text)
    WWDG_IRQHandler                          0x08000351   Thumb Code     0  startup_stm32l476xx.o(.text)
    __user_initial_stackheap                 0x08000355   Thumb Code     0  startup_stm32l476xx.o(.text)
    sprintf                                  0x0800038d   Thumb Code    38  sprintf.o(.text)
    strlen                                   0x080003b9   Thumb Code    62  strlen.o(.text)
    __use_two_region_memory                  0x080003f7   Thumb Code     2  heapauxi.o(.text)
    __rt_heap_escrow$2region                 0x080003f9   Thumb Code     2  heapauxi.o(.text)
    __rt_heap_expand$2region                 0x080003fb   Thumb Code     2  heapauxi.o(.text)
    _printf_pre_padding                      0x080003fd   Thumb Code    44  _printf_pad.o(.text)
    _printf_post_padding                     0x08000429   Thumb Code    34  _printf_pad.o(.text)
    _printf_truncate_signed                  0x0800044b   Thumb Code    18  _printf_truncate.o(.text)
    _printf_truncate_unsigned                0x0800045d   Thumb Code    18  _printf_truncate.o(.text)
    _printf_str                              0x0800046f   Thumb Code    82  _printf_str.o(.text)
    _printf_int_dec                          0x080004c1   Thumb Code   104  _printf_dec.o(.text)
    _printf_charcount                        0x08000539   Thumb Code    40  _printf_charcount.o(.text)
    _printf_char_common                      0x0800056b   Thumb Code    32  _printf_char_common.o(.text)
    _sputc                                   0x08000591   Thumb Code    10  _sputc.o(.text)
    _printf_wctomb                           0x0800059d   Thumb Code   182  _printf_wctomb.o(.text)
    _printf_longlong_dec                     0x08000661   Thumb Code   108  _printf_longlong_dec.o(.text)
    _printf_longlong_oct                     0x080006dd   Thumb Code    68  _printf_oct_int_ll.o(.text)
    _printf_int_oct                          0x08000721   Thumb Code    24  _printf_oct_int_ll.o(.text)
    _printf_ll_oct                           0x08000739   Thumb Code    12  _printf_oct_int_ll.o(.text)
    _printf_longlong_hex                     0x0800074d   Thumb Code    86  _printf_hex_int_ll_ptr.o(.text)
    _printf_int_hex                          0x080007a3   Thumb Code    28  _printf_hex_int_ll_ptr.o(.text)
    _printf_ll_hex                           0x080007bf   Thumb Code    12  _printf_hex_int_ll_ptr.o(.text)
    _printf_hex_ptr                          0x080007cb   Thumb Code    18  _printf_hex_int_ll_ptr.o(.text)
    __printf                                 0x080007e1   Thumb Code   388  __printf_flags_ss_wp.o(.text)
    _ll_udiv10                               0x0800096f   Thumb Code   138  lludiv10.o(.text)
    _printf_int_common                       0x080009f9   Thumb Code   178  _printf_intcommon.o(.text)
    _printf_fp_dec_real                      0x08000c5b   Thumb Code   620  _printf_fp_dec.o(.text)
    _printf_fp_hex_real                      0x08000ecd   Thumb Code   756  _printf_fp_hex.o(.text)
    _printf_cs_common                        0x080011cf   Thumb Code    20  _printf_char.o(.text)
    _printf_char                             0x080011e3   Thumb Code    16  _printf_char.o(.text)
    _printf_string                           0x080011f3   Thumb Code     8  _printf_char.o(.text)
    _printf_lcs_common                       0x080011fb   Thumb Code    20  _printf_wchar.o(.text)
    _printf_wchar                            0x0800120f   Thumb Code    16  _printf_wchar.o(.text)
    _printf_wstring                          0x0800121f   Thumb Code     8  _printf_wchar.o(.text)
    _c16rtomb                                0x08001227   Thumb Code    72  _c16rtomb.o(.text)
    _wcrtomb                                 0x08001227   Thumb Code     0  _c16rtomb.o(.text)
    __user_setup_stackheap                   0x0800126f   Thumb Code    74  sys_stackheap_outer.o(.text)
    __rt_ctype_table                         0x080012b9   Thumb Code    16  rt_ctype_table.o(.text)
    __rt_locale                              0x080012c9   Thumb Code     8  rt_locale_intlibspace.o(.text)
    _printf_fp_infnan                        0x080012d1   Thumb Code   112  _printf_fp_infnan.o(.text)
    _btod_etento                             0x08001351   Thumb Code   224  bigflt0.o(.text)
    exit                                     0x08001435   Thumb Code    18  exit.o(.text)
    __user_libspace                          0x08001449   Thumb Code     8  libspace.o(.text)
    __user_perproc_libspace                  0x08001449   Thumb Code     0  libspace.o(.text)
    __user_perthread_libspace                0x08001449   Thumb Code     0  libspace.o(.text)
    strcmp                                   0x08001451   Thumb Code   124  strcmpv7em.o(.text)
    _sys_exit                                0x080014cd   Thumb Code     8  sys_exit.o(.text)
    __I$use$semihosting                      0x080014d9   Thumb Code     0  use_no_semi.o(.text)
    __use_no_semihosting_swi                 0x080014d9   Thumb Code     2  use_no_semi.o(.text)
    __semihosting_library_function           0x080014db   Thumb Code     0  indicate_semi.o(.text)
    DMA_Init_UARTx                           0x080014dd   Thumb Code   186  dma.o(.text.DMA_Init_UARTx)
    I2C_GPIO_Init                            0x08001599   Thumb Code   186  i2c.o(.text.I2C_GPIO_Init)
    I2C_Initialization                       0x08001655   Thumb Code   266  i2c.o(.text.I2C_Initialization)
    I2C_ReceiveData                          0x08001761   Thumb Code   154  i2c.o(.text.I2C_ReceiveData)
    I2C_SendData                             0x080017fd   Thumb Code   220  i2c.o(.text.I2C_SendData)
    I2C_Start                                0x080018d9   Thumb Code   108  i2c.o(.text.I2C_Start)
    I2C_Stop                                 0x08001945   Thumb Code    34  i2c.o(.text.I2C_Stop)
    I2C_WaitLineIdle                         0x08001969   Thumb Code    24  i2c.o(.text.I2C_WaitLineIdle)
    Init_USARTx                              0x08001981   Thumb Code   106  main.o(.text.Init_USARTx)
    Motor_Init                               0x080019ed   Thumb Code   242  motor.o(.text.Motor_Init)
    SPI1_GPIO_Init                           0x08001ae1   Thumb Code   382  spi.o(.text.SPI1_GPIO_Init)
    SPI1_Init                                0x08001c61   Thumb Code   210  spi.o(.text.SPI1_Init)
    SPI_Transfer_Data                        0x08001d35   Thumb Code    98  spi.o(.text.SPI_Transfer_Data)
    SysTick_Handler                          0x08001d99   Thumb Code    58  systimer.o(.text.SysTick_Handler)
    SysTick_Init                             0x08001dd5   Thumb Code    86  systimer.o(.text.SysTick_Init)
    System_Clock_Init                        0x08001e2d   Thumb Code   466  sysclock.o(.text.System_Clock_Init)
    UART1_GPIO_Init                          0x08002001   Thumb Code   202  uart.o(.text.UART1_GPIO_Init)
    UART1_Init                               0x080020cd   Thumb Code    76  uart.o(.text.UART1_Init)
    UART2_GPIO_Init                          0x08002119   Thumb Code   174  uart.o(.text.UART2_GPIO_Init)
    UART2_Init                               0x080021c9   Thumb Code    76  uart.o(.text.UART2_Init)
    UART_onInput                             0x08002215   Thumb Code   316  main.o(.text.UART_onInput)
    UART_print                               0x08002351   Thumb Code   238  uart.o(.text.UART_print)
    USART1_IRQHandler                        0x08002441   Thumb Code    94  uart.o(.text.USART1_IRQHandler)
    USART2_IRQHandler                        0x080024a1   Thumb Code    94  uart.o(.text.USART2_IRQHandler)
    USART_Init                               0x08002501   Thumb Code   106  uart.o(.text.USART_Init)
    accRead                                  0x08002655   Thumb Code    62  accelerometer.o(.text.accRead)
    accWrite                                 0x08002695   Thumb Code    64  accelerometer.o(.text.accWrite)
    delay                                    0x080026d5   Thumb Code    46  systimer.o(.text.delay)
    initAcc                                  0x08002705   Thumb Code    82  accelerometer.o(.text.initAcc)
    main                                     0x08002759   Thumb Code   936  main.o(.text.main)
    on_complete_transfer                     0x08002b11   Thumb Code   102  uart.o(.text.on_complete_transfer)
    readValues                               0x08002b79   Thumb Code   282  accelerometer.o(.text.readValues)
    rotate                                   0x08002c95   Thumb Code   160  motor.o(.text.rotate)
    setDire                                  0x08002d35   Thumb Code    24  motor.o(.text.setDire)
    transfer_data                            0x08002d4d   Thumb Code   144  uart.o(.text.transfer_data)
    _btod_d2e                                0x08002ddd   Thumb Code    62  btod.o(CL$$btod_d2e)
    _d2e_denorm_low                          0x08002e1b   Thumb Code    70  btod.o(CL$$btod_d2e_denorm_low)
    _d2e_norm_op1                            0x08002e61   Thumb Code    96  btod.o(CL$$btod_d2e_norm_op1)
    __btod_div_common                        0x08002ec1   Thumb Code   696  btod.o(CL$$btod_div_common)
    _e2e                                     0x080031f9   Thumb Code   220  btod.o(CL$$btod_e2e)
    _btod_ediv                               0x080032d5   Thumb Code    42  btod.o(CL$$btod_ediv)
    _btod_emul                               0x080032ff   Thumb Code    42  btod.o(CL$$btod_emul)
    __btod_mult_common                       0x08003329   Thumb Code   580  btod.o(CL$$btod_mult_common)
    __ARM_fpclassify                         0x0800356d   Thumb Code    48  fpclassify.o(i.__ARM_fpclassify)
    _is_digit                                0x0800359d   Thumb Code    14  __printf_wp.o(i._is_digit)
    _get_lc_numeric                          0x080035ad   Thumb Code    44  lc_numeric_c.o(locale$$code)
    _get_lc_ctype                            0x080035d9   Thumb Code    44  lc_ctype_c.o(locale$$code)
    __fpl_dcmp_Inf                           0x08003605   Thumb Code    24  dcmpi.o(x$fpl$dcmpinf)
    __aeabi_cdcmpeq                          0x0800361d   Thumb Code     0  deqf.o(x$fpl$deqf)
    _dcmpeq                                  0x0800361d   Thumb Code   120  deqf.o(x$fpl$deqf)
    __aeabi_i2d                              0x08003695   Thumb Code     0  dflt_clz.o(x$fpl$dflt)
    _dflt                                    0x08003695   Thumb Code    46  dflt_clz.o(x$fpl$dflt)
    __aeabi_cdcmpge                          0x080036c5   Thumb Code     0  dgeqf.o(x$fpl$dgeqf)
    _dcmpge                                  0x080036c5   Thumb Code   120  dgeqf.o(x$fpl$dgeqf)
    __aeabi_cdcmple                          0x0800373d   Thumb Code     0  dleqf.o(x$fpl$dleqf)
    _dcmple                                  0x0800373d   Thumb Code   120  dleqf.o(x$fpl$dleqf)
    __fpl_dcmple_InfNaN                      0x0800379f   Thumb Code     0  dleqf.o(x$fpl$dleqf)
    __aeabi_dmul                             0x080037b5   Thumb Code     0  dmul.o(x$fpl$dmul)
    _dmul                                    0x080037b5   Thumb Code   332  dmul.o(x$fpl$dmul)
    __fpl_dnaninf                            0x08003909   Thumb Code   156  dnaninf.o(x$fpl$dnaninf)
    __fpl_dretinf                            0x080039a5   Thumb Code    12  dretinf.o(x$fpl$dretinf)
    __aeabi_dcmpeq                           0x080039b1   Thumb Code     0  dcmp.o(x$fpl$fcmp)
    _deq                                     0x080039b1   Thumb Code    14  dcmp.o(x$fpl$fcmp)
    _dneq                                    0x080039bf   Thumb Code    14  dcmp.o(x$fpl$fcmp)
    __aeabi_dcmpgt                           0x080039cd   Thumb Code     0  dcmp.o(x$fpl$fcmp)
    _dgr                                     0x080039cd   Thumb Code    14  dcmp.o(x$fpl$fcmp)
    __aeabi_dcmpge                           0x080039db   Thumb Code     0  dcmp.o(x$fpl$fcmp)
    _dgeq                                    0x080039db   Thumb Code    14  dcmp.o(x$fpl$fcmp)
    __aeabi_dcmple                           0x080039e9   Thumb Code     0  dcmp.o(x$fpl$fcmp)
    _dleq                                    0x080039e9   Thumb Code    14  dcmp.o(x$fpl$fcmp)
    __aeabi_dcmplt                           0x080039f7   Thumb Code     0  dcmp.o(x$fpl$fcmp)
    _dls                                     0x080039f7   Thumb Code    14  dcmp.o(x$fpl$fcmp)
    _fp_init                                 0x08003a05   Thumb Code    26  fpinit.o(x$fpl$fpinit)
    __fplib_config_fpu_vfp                   0x08003a1d   Thumb Code     0  fpinit.o(x$fpl$fpinit)
    __fplib_config_pureend_doubles           0x08003a1d   Thumb Code     0  fpinit.o(x$fpl$fpinit)
    _printf_fp_dec                           0x08003a1f   Thumb Code     4  printf1.o(x$fpl$printf1)
    _printf_fp_hex                           0x08003a23   Thumb Code     4  printf2.o(x$fpl$printf2)
    __I$use$fp                               0x08003a26   Number         0  usenofp.o(x$fpl$usenofp)
    Region$$Table$$Base                      0x08003c18   Number         0  anon$$obj.o(Region$$Table)
    Region$$Table$$Limit                     0x08003c38   Number         0  anon$$obj.o(Region$$Table)
    __ctype                                  0x08003c61   Data           0  lc_ctype_c.o(locale$$data)
    Image$$ER_IROM1$$RO$$Limit               0x08003d64   Number         0  anon$$obj.o ABSOLUTE
    Image$$ER_IROM1$$RW$$Base                0x08003d64   Number         0  anon$$obj.o ABSOLUTE
    Image$$ER_IROM1$$RW$$Limit               0x08003d64   Number         0  anon$$obj.o ABSOLUTE
    Image$$ER_IROM1$$ZI$$Base                0x08003d64   Number         0  anon$$obj.o ABSOLUTE
    Image$$ER_IROM1$$ZI$$Limit               0x08003d64   Number         0  anon$$obj.o ABSOLUTE
    Load$$RW_IRAM1$$Base                     0x08003d68   Number         0  anon$$obj.o ABSOLUTE
    Image$$RW_IRAM1$$Base                    0x20000000   Number         0  anon$$obj.o ABSOLUTE
    Image$$RW_IRAM1$$RO$$Base                0x20000000   Number         0  anon$$obj.o ABSOLUTE
    Image$$RW_IRAM1$$RW$$Base                0x20000000   Number         0  anon$$obj.o ABSOLUTE
    Image$$RW_IRAM1$$Limit                   0x20000010   Number         0  anon$$obj.o ABSOLUTE
    Image$$RW_IRAM1$$RW$$Limit               0x20000010   Number         0  anon$$obj.o ABSOLUTE
    Image$$RW_IRAM1$$ZI$$Base                0x20000010   Number         0  anon$$obj.o ABSOLUTE
    __libspace_start                         0x20000010   Data          96  libspace.o(.bss)
    Data_Receive                             0x20000070   Data           1  main.o(.bss.Data_Receive)
    __temporary_stack_top$libspace           0x20000070   Data           0  libspace.o(.bss)
    Data_Send                                0x20000071   Data           1  main.o(.bss.Data_Send)
    SecondaryAddress                         0x20000072   Data           1  main.o(.bss.SecondaryAddress)
    commandDelay                             0x20000174   Data           4  main.o(.bss.commandDelay)
    dataX                                    0x20000178   Data           2  accelerometer.o(.bss.dataX)
    dataY                                    0x2000017a   Data           2  accelerometer.o(.bss.dataY)
    dataZ                                    0x2000017c   Data           2  accelerometer.o(.bss.dataZ)
    messageDelay                             0x20000484   Data           4  main.o(.bss.messageDelay)
    stepIndex                                0x20000494   Data           4  motor.o(.bss.stepIndex)
    tempPrev                                 0x20000498   Data           4  main.o(.bss.tempPrev)
    tempState                                0x2000049c   Data           4  main.o(.bss.tempState)
    x                                        0x200004a0   Data           8  main.o(.bss.x)
    y                                        0x200004a8   Data           8  main.o(.bss.y)
    z                                        0x200004b0   Data           8  main.o(.bss.z)
    Image$$RW_IRAM1$$ZI$$Limit               0x20000ab8   Number         0  anon$$obj.o ABSOLUTE



==============================================================================

Memory Map of the image

  Image Entry point : 0x08000189

  Load Region LR_IROM1 (Base: 0x08000000, Size: 0x00003d78, Max: 0x00100000, ABSOLUTE)

    Execution Region ER_IROM1 (Exec base: 0x08000000, Load base: 0x08000000, Size: 0x00003d64, Max: 0x00100000, ABSOLUTE)

    Exec Addr    Load Addr    Size         Type   Attr      Idx    E Section Name        Object

    0x08000000   0x08000000   0x00000188   Data   RO           34    RESET               startup_stm32l476xx.o
    0x08000188   0x08000188   0x00000008   Code   RO          202  * !!!main             c_w.l(__main.o)
    0x08000190   0x08000190   0x0000005c   Code   RO          561    !!!scatter          c_w.l(__scatter.o)
    0x080001ec   0x080001ec   0x0000001a   Code   RO          565    !!handler_copy      c_w.l(__scatter_copy.o)
    0x08000206   0x08000206   0x00000002   PAD
    0x08000208   0x08000208   0x00000002   Code   RO          562    !!handler_null      c_w.l(__scatter.o)
    0x0800020a   0x0800020a   0x00000002   PAD
    0x0800020c   0x0800020c   0x0000001c   Code   RO          567    !!handler_zi        c_w.l(__scatter_zi.o)
    0x08000228   0x08000228   0x00000000   Code   RO          296    .ARM.Collect$$_printf_percent$$00000000  c_w.l(_printf_percent.o)
    0x08000228   0x08000228   0x00000006   Code   RO          285    .ARM.Collect$$_printf_percent$$00000001  c_w.l(_printf_n.o)
    0x0800022e   0x0800022e   0x00000006   Code   RO          287    .ARM.Collect$$_printf_percent$$00000002  c_w.l(_printf_p.o)
    0x08000234   0x08000234   0x00000006   Code   RO          292    .ARM.Collect$$_printf_percent$$00000003  c_w.l(_printf_f.o)
    0x0800023a   0x0800023a   0x00000006   Code   RO          293    .ARM.Collect$$_printf_percent$$00000004  c_w.l(_printf_e.o)
    0x08000240   0x08000240   0x00000006   Code   RO          294    .ARM.Collect$$_printf_percent$$00000005  c_w.l(_printf_g.o)
    0x08000246   0x08000246   0x00000006   Code   RO          295    .ARM.Collect$$_printf_percent$$00000006  c_w.l(_printf_a.o)
    0x0800024c   0x0800024c   0x0000000a   Code   RO          300    .ARM.Collect$$_printf_percent$$00000007  c_w.l(_printf_ll.o)
    0x08000256   0x08000256   0x00000006   Code   RO          289    .ARM.Collect$$_printf_percent$$00000008  c_w.l(_printf_i.o)
    0x0800025c   0x0800025c   0x00000006   Code   RO          290    .ARM.Collect$$_printf_percent$$00000009  c_w.l(_printf_d.o)
    0x08000262   0x08000262   0x00000006   Code   RO          291    .ARM.Collect$$_printf_percent$$0000000A  c_w.l(_printf_u.o)
    0x08000268   0x08000268   0x00000006   Code   RO          288    .ARM.Collect$$_printf_percent$$0000000B  c_w.l(_printf_o.o)
    0x0800026e   0x0800026e   0x00000006   Code   RO          286    .ARM.Collect$$_printf_percent$$0000000C  c_w.l(_printf_x.o)
    0x08000274   0x08000274   0x00000006   Code   RO          297    .ARM.Collect$$_printf_percent$$0000000D  c_w.l(_printf_lli.o)
    0x0800027a   0x0800027a   0x00000006   Code   RO          298    .ARM.Collect$$_printf_percent$$0000000E  c_w.l(_printf_lld.o)
    0x08000280   0x08000280   0x00000006   Code   RO          299    .ARM.Collect$$_printf_percent$$0000000F  c_w.l(_printf_llu.o)
    0x08000286   0x08000286   0x00000006   Code   RO          304    .ARM.Collect$$_printf_percent$$00000010  c_w.l(_printf_llo.o)
    0x0800028c   0x0800028c   0x00000006   Code   RO          305    .ARM.Collect$$_printf_percent$$00000011  c_w.l(_printf_llx.o)
    0x08000292   0x08000292   0x0000000a   Code   RO          301    .ARM.Collect$$_printf_percent$$00000012  c_w.l(_printf_l.o)
    0x0800029c   0x0800029c   0x00000006   Code   RO          283    .ARM.Collect$$_printf_percent$$00000013  c_w.l(_printf_c.o)
    0x080002a2   0x080002a2   0x00000006   Code   RO          284    .ARM.Collect$$_printf_percent$$00000014  c_w.l(_printf_s.o)
    0x080002a8   0x080002a8   0x00000006   Code   RO          302    .ARM.Collect$$_printf_percent$$00000015  c_w.l(_printf_lc.o)
    0x080002ae   0x080002ae   0x00000006   Code   RO          303    .ARM.Collect$$_printf_percent$$00000016  c_w.l(_printf_ls.o)
    0x080002b4   0x080002b4   0x00000004   Code   RO          357    .ARM.Collect$$_printf_percent$$00000017  c_w.l(_printf_percent_end.o)
    0x080002b8   0x080002b8   0x00000002   Code   RO          410    .ARM.Collect$$libinit$$00000000  c_w.l(libinit.o)
    0x080002ba   0x080002ba   0x00000004   Code   RO          427    .ARM.Collect$$libinit$$00000001  c_w.l(libinit2.o)
    0x080002be   0x080002be   0x00000000   Code   RO          430    .ARM.Collect$$libinit$$00000004  c_w.l(libinit2.o)
    0x080002be   0x080002be   0x00000000   Code   RO          432    .ARM.Collect$$libinit$$00000006  c_w.l(libinit2.o)
    0x080002be   0x080002be   0x00000000   Code   RO          435    .ARM.Collect$$libinit$$0000000C  c_w.l(libinit2.o)
    0x080002be   0x080002be   0x00000000   Code   RO          437    .ARM.Collect$$libinit$$0000000E  c_w.l(libinit2.o)
    0x080002be   0x080002be   0x00000000   Code   RO          439    .ARM.Collect$$libinit$$00000010  c_w.l(libinit2.o)
    0x080002be   0x080002be   0x00000006   Code   RO          440    .ARM.Collect$$libinit$$00000011  c_w.l(libinit2.o)
    0x080002c4   0x080002c4   0x00000000   Code   RO          442    .ARM.Collect$$libinit$$00000013  c_w.l(libinit2.o)
    0x080002c4   0x080002c4   0x0000000c   Code   RO          443    .ARM.Collect$$libinit$$00000014  c_w.l(libinit2.o)
    0x080002d0   0x080002d0   0x00000000   Code   RO          444    .ARM.Collect$$libinit$$00000015  c_w.l(libinit2.o)
    0x080002d0   0x080002d0   0x00000000   Code   RO          446    .ARM.Collect$$libinit$$00000017  c_w.l(libinit2.o)
    0x080002d0   0x080002d0   0x0000000a   Code   RO          447    .ARM.Collect$$libinit$$00000018  c_w.l(libinit2.o)
    0x080002da   0x080002da   0x00000000   Code   RO          448    .ARM.Collect$$libinit$$00000019  c_w.l(libinit2.o)
    0x080002da   0x080002da   0x00000000   Code   RO          450    .ARM.Collect$$libinit$$0000001B  c_w.l(libinit2.o)
    0x080002da   0x080002da   0x00000000   Code   RO          452    .ARM.Collect$$libinit$$0000001D  c_w.l(libinit2.o)
    0x080002da   0x080002da   0x00000000   Code   RO          454    .ARM.Collect$$libinit$$0000001F  c_w.l(libinit2.o)
    0x080002da   0x080002da   0x00000000   Code   RO          456    .ARM.Collect$$libinit$$00000021  c_w.l(libinit2.o)
    0x080002da   0x080002da   0x00000000   Code   RO          458    .ARM.Collect$$libinit$$00000023  c_w.l(libinit2.o)
    0x080002da   0x080002da   0x00000000   Code   RO          460    .ARM.Collect$$libinit$$00000025  c_w.l(libinit2.o)
    0x080002da   0x080002da   0x00000000   Code   RO          462    .ARM.Collect$$libinit$$00000027  c_w.l(libinit2.o)
    0x080002da   0x080002da   0x00000000   Code   RO          466    .ARM.Collect$$libinit$$0000002E  c_w.l(libinit2.o)
    0x080002da   0x080002da   0x00000000   Code   RO          468    .ARM.Collect$$libinit$$00000030  c_w.l(libinit2.o)
    0x080002da   0x080002da   0x00000000   Code   RO          470    .ARM.Collect$$libinit$$00000032  c_w.l(libinit2.o)
    0x080002da   0x080002da   0x00000000   Code   RO          472    .ARM.Collect$$libinit$$00000034  c_w.l(libinit2.o)
    0x080002da   0x080002da   0x00000002   Code   RO          473    .ARM.Collect$$libinit$$00000035  c_w.l(libinit2.o)
    0x080002dc   0x080002dc   0x00000002   Code   RO          497    .ARM.Collect$$libshutdown$$00000000  c_w.l(libshutdown.o)
    0x080002de   0x080002de   0x00000000   Code   RO          512    .ARM.Collect$$libshutdown$$00000002  c_w.l(libshutdown2.o)
    0x080002de   0x080002de   0x00000000   Code   RO          514    .ARM.Collect$$libshutdown$$00000004  c_w.l(libshutdown2.o)
    0x080002de   0x080002de   0x00000000   Code   RO          517    .ARM.Collect$$libshutdown$$00000007  c_w.l(libshutdown2.o)
    0x080002de   0x080002de   0x00000000   Code   RO          520    .ARM.Collect$$libshutdown$$0000000A  c_w.l(libshutdown2.o)
    0x080002de   0x080002de   0x00000000   Code   RO          522    .ARM.Collect$$libshutdown$$0000000C  c_w.l(libshutdown2.o)
    0x080002de   0x080002de   0x00000000   Code   RO          525    .ARM.Collect$$libshutdown$$0000000F  c_w.l(libshutdown2.o)
    0x080002de   0x080002de   0x00000002   Code   RO          526    .ARM.Collect$$libshutdown$$00000010  c_w.l(libshutdown2.o)
    0x080002e0   0x080002e0   0x00000000   Code   RO          214    .ARM.Collect$$rtentry$$00000000  c_w.l(__rtentry.o)
    0x080002e0   0x080002e0   0x00000000   Code   RO          326    .ARM.Collect$$rtentry$$00000002  c_w.l(__rtentry2.o)
    0x080002e0   0x080002e0   0x00000006   Code   RO          338    .ARM.Collect$$rtentry$$00000004  c_w.l(__rtentry4.o)
    0x080002e6   0x080002e6   0x00000000   Code   RO          328    .ARM.Collect$$rtentry$$00000009  c_w.l(__rtentry2.o)
    0x080002e6   0x080002e6   0x00000004   Code   RO          329    .ARM.Collect$$rtentry$$0000000A  c_w.l(__rtentry2.o)
    0x080002ea   0x080002ea   0x00000000   Code   RO          331    .ARM.Collect$$rtentry$$0000000C  c_w.l(__rtentry2.o)
    0x080002ea   0x080002ea   0x00000008   Code   RO          332    .ARM.Collect$$rtentry$$0000000D  c_w.l(__rtentry2.o)
    0x080002f2   0x080002f2   0x00000002   Code   RO          418    .ARM.Collect$$rtexit$$00000000  c_w.l(rtexit.o)
    0x080002f4   0x080002f4   0x00000000   Code   RO          475    .ARM.Collect$$rtexit$$00000002  c_w.l(rtexit2.o)
    0x080002f4   0x080002f4   0x00000004   Code   RO          476    .ARM.Collect$$rtexit$$00000003  c_w.l(rtexit2.o)
    0x080002f8   0x080002f8   0x00000006   Code   RO          477    .ARM.Collect$$rtexit$$00000004  c_w.l(rtexit2.o)
    0x080002fe   0x080002fe   0x00000002   PAD
    0x08000300   0x08000300   0x0000008c   Code   RO           35    .text               startup_stm32l476xx.o
    0x0800038c   0x0800038c   0x0000002c   Code   RO          196    .text               c_w.l(sprintf.o)
    0x080003b8   0x080003b8   0x0000003e   Code   RO          198    .text               c_w.l(strlen.o)
    0x080003f6   0x080003f6   0x00000006   Code   RO          200    .text               c_w.l(heapauxi.o)
    0x080003fc   0x080003fc   0x0000004e   Code   RO          217    .text               c_w.l(_printf_pad.o)
    0x0800044a   0x0800044a   0x00000024   Code   RO          219    .text               c_w.l(_printf_truncate.o)
    0x0800046e   0x0800046e   0x00000052   Code   RO          221    .text               c_w.l(_printf_str.o)
    0x080004c0   0x080004c0   0x00000078   Code   RO          223    .text               c_w.l(_printf_dec.o)
    0x08000538   0x08000538   0x00000028   Code   RO          225    .text               c_w.l(_printf_charcount.o)
    0x08000560   0x08000560   0x00000030   Code   RO          227    .text               c_w.l(_printf_char_common.o)
    0x08000590   0x08000590   0x0000000a   Code   RO          229    .text               c_w.l(_sputc.o)
    0x0800059a   0x0800059a   0x00000002   PAD
    0x0800059c   0x0800059c   0x000000c2   Code   RO          231    .text               c_w.l(_printf_wctomb.o)
    0x0800065e   0x0800065e   0x00000002   PAD
    0x08000660   0x08000660   0x0000007c   Code   RO          234    .text               c_w.l(_printf_longlong_dec.o)
    0x080006dc   0x080006dc   0x00000070   Code   RO          240    .text               c_w.l(_printf_oct_int_ll.o)
    0x0800074c   0x0800074c   0x00000094   Code   RO          260    .text               c_w.l(_printf_hex_int_ll_ptr.o)
    0x080007e0   0x080007e0   0x0000018e   Code   RO          280    .text               c_w.l(__printf_flags_ss_wp.o)
    0x0800096e   0x0800096e   0x0000008a   Code   RO          340    .text               c_w.l(lludiv10.o)
    0x080009f8   0x080009f8   0x000000b2   Code   RO          342    .text               c_w.l(_printf_intcommon.o)
    0x08000aaa   0x08000aaa   0x00000422   Code   RO          344    .text               c_w.l(_printf_fp_dec.o)
    0x08000ecc   0x08000ecc   0x00000302   Code   RO          348    .text               c_w.l(_printf_fp_hex.o)
    0x080011ce   0x080011ce   0x0000002c   Code   RO          353    .text               c_w.l(_printf_char.o)
    0x080011fa   0x080011fa   0x0000002c   Code   RO          355    .text               c_w.l(_printf_wchar.o)
    0x08001226   0x08001226   0x00000048   Code   RO          358    .text               c_w.l(_c16rtomb.o)
    0x0800126e   0x0800126e   0x0000004a   Code   RO          362    .text               c_w.l(sys_stackheap_outer.o)
    0x080012b8   0x080012b8   0x00000010   Code   RO          364    .text               c_w.l(rt_ctype_table.o)
    0x080012c8   0x080012c8   0x00000008   Code   RO          369    .text               c_w.l(rt_locale_intlibspace.o)
    0x080012d0   0x080012d0   0x00000080   Code   RO          371    .text               c_w.l(_printf_fp_infnan.o)
    0x08001350   0x08001350   0x000000e4   Code   RO          373    .text               c_w.l(bigflt0.o)
    0x08001434   0x08001434   0x00000012   Code   RO          403    .text               c_w.l(exit.o)
    0x08001446   0x08001446   0x00000002   PAD
    0x08001448   0x08001448   0x00000008   Code   RO          415    .text               c_w.l(libspace.o)
    0x08001450   0x08001450   0x0000007c   Code   RO          425    .text               c_w.l(strcmpv7em.o)
    0x080014cc   0x080014cc   0x0000000c   Code   RO          487    .text               c_w.l(sys_exit.o)
    0x080014d8   0x080014d8   0x00000002   Code   RO          502    .text               c_w.l(use_no_semi.o)
    0x080014da   0x080014da   0x00000000   Code   RO          504    .text               c_w.l(indicate_semi.o)
    0x080014da   0x080014da   0x00000002   PAD
    0x080014dc   0x080014dc   0x000000ba   Code   RO           69    .text.DMA_Init_UARTx  dma.o
    0x08001596   0x08001596   0x00000002   PAD
    0x08001598   0x08001598   0x000000ba   Code   RO          112    .text.I2C_GPIO_Init  i2c.o
    0x08001652   0x08001652   0x00000002   PAD
    0x08001654   0x08001654   0x0000010a   Code   RO          114    .text.I2C_Initialization  i2c.o
    0x0800175e   0x0800175e   0x00000002   PAD
    0x08001760   0x08001760   0x0000009a   Code   RO          124    .text.I2C_ReceiveData  i2c.o
    0x080017fa   0x080017fa   0x00000002   PAD
    0x080017fc   0x080017fc   0x000000dc   Code   RO          122    .text.I2C_SendData  i2c.o
    0x080018d8   0x080018d8   0x0000006c   Code   RO          116    .text.I2C_Start     i2c.o
    0x08001944   0x08001944   0x00000022   Code   RO          118    .text.I2C_Stop      i2c.o
    0x08001966   0x08001966   0x00000002   PAD
    0x08001968   0x08001968   0x00000018   Code   RO          120    .text.I2C_WaitLineIdle  i2c.o
    0x08001980   0x08001980   0x0000006a   Code   RO            2    .text.Init_USARTx   main.o
    0x080019ea   0x080019ea   0x00000002   PAD
    0x080019ec   0x080019ec   0x000000f2   Code   RO          161    .text.Motor_Init    motor.o
    0x08001ade   0x08001ade   0x00000002   PAD
    0x08001ae0   0x08001ae0   0x0000017e   Code   RO          133    .text.SPI1_GPIO_Init  spi.o
    0x08001c5e   0x08001c5e   0x00000002   PAD
    0x08001c60   0x08001c60   0x000000d2   Code   RO          135    .text.SPI1_Init     spi.o
    0x08001d32   0x08001d32   0x00000002   PAD
    0x08001d34   0x08001d34   0x00000062   Code   RO          137    .text.SPI_Transfer_Data  spi.o
    0x08001d96   0x08001d96   0x00000002   PAD
    0x08001d98   0x08001d98   0x0000003a   Code   RO           56    .text.SysTick_Handler  systimer.o
    0x08001dd2   0x08001dd2   0x00000002   PAD
    0x08001dd4   0x08001dd4   0x00000056   Code   RO           50    .text.SysTick_Init  systimer.o
    0x08001e2a   0x08001e2a   0x00000002   PAD
    0x08001e2c   0x08001e2c   0x000001d2   Code   RO           42    .text.System_Clock_Init  sysclock.o
    0x08001ffe   0x08001ffe   0x00000002   PAD
    0x08002000   0x08002000   0x000000ca   Code   RO           81    .text.UART1_GPIO_Init  uart.o
    0x080020ca   0x080020ca   0x00000002   PAD
    0x080020cc   0x080020cc   0x0000004c   Code   RO           77    .text.UART1_Init    uart.o
    0x08002118   0x08002118   0x000000ae   Code   RO           83    .text.UART2_GPIO_Init  uart.o
    0x080021c6   0x080021c6   0x00000002   PAD
    0x080021c8   0x080021c8   0x0000004c   Code   RO           79    .text.UART2_Init    uart.o
    0x08002214   0x08002214   0x0000013c   Code   RO            8    .text.UART_onInput  main.o
    0x08002350   0x08002350   0x000000ee   Code   RO           87    .text.UART_print    uart.o
    0x0800243e   0x0800243e   0x00000002   PAD
    0x08002440   0x08002440   0x0000005e   Code   RO           93    .text.USART1_IRQHandler  uart.o
    0x0800249e   0x0800249e   0x00000002   PAD
    0x080024a0   0x080024a0   0x0000005e   Code   RO           95    .text.USART2_IRQHandler  uart.o
    0x080024fe   0x080024fe   0x00000002   PAD
    0x08002500   0x08002500   0x0000006a   Code   RO           85    .text.USART_Init    uart.o
    0x0800256a   0x0800256a   0x00000002   PAD
    0x0800256c   0x0800256c   0x00000030   Code   RO            4    .text.__NVIC_EnableIRQ  main.o
    0x0800259c   0x0800259c   0x00000030   Code   RO           52    .text.__NVIC_EnableIRQ  systimer.o
    0x080025cc   0x080025cc   0x00000042   Code   RO            6    .text.__NVIC_SetPriority  main.o
    0x0800260e   0x0800260e   0x00000002   PAD
    0x08002610   0x08002610   0x00000042   Code   RO           54    .text.__NVIC_SetPriority  systimer.o
    0x08002652   0x08002652   0x00000002   PAD
    0x08002654   0x08002654   0x0000003e   Code   RO          179    .text.accRead       accelerometer.o
    0x08002692   0x08002692   0x00000002   PAD
    0x08002694   0x08002694   0x00000040   Code   RO          177    .text.accWrite      accelerometer.o
    0x080026d4   0x080026d4   0x0000002e   Code   RO           58    .text.delay         systimer.o
    0x08002702   0x08002702   0x00000002   PAD
    0x08002704   0x08002704   0x00000052   Code   RO          181    .text.initAcc       accelerometer.o
    0x08002756   0x08002756   0x00000002   PAD
    0x08002758   0x08002758   0x000003b8   Code   RO           10    .text.main          main.o
    0x08002b10   0x08002b10   0x00000066   Code   RO           91    .text.on_complete_transfer  uart.o
    0x08002b76   0x08002b76   0x00000002   PAD
    0x08002b78   0x08002b78   0x0000011a   Code   RO          183    .text.readValues    accelerometer.o
    0x08002c92   0x08002c92   0x00000002   PAD
    0x08002c94   0x08002c94   0x000000a0   Code   RO          163    .text.rotate        motor.o
    0x08002d34   0x08002d34   0x00000018   Code   RO          165    .text.setDire       motor.o
    0x08002d4c   0x08002d4c   0x00000090   Code   RO           89    .text.transfer_data  uart.o
    0x08002ddc   0x08002ddc   0x0000003e   Code   RO          376    CL$$btod_d2e        c_w.l(btod.o)
    0x08002e1a   0x08002e1a   0x00000046   Code   RO          378    CL$$btod_d2e_denorm_low  c_w.l(btod.o)
    0x08002e60   0x08002e60   0x00000060   Code   RO          377    CL$$btod_d2e_norm_op1  c_w.l(btod.o)
    0x08002ec0   0x08002ec0   0x00000338   Code   RO          386    CL$$btod_div_common  c_w.l(btod.o)
    0x080031f8   0x080031f8   0x000000dc   Code   RO          383    CL$$btod_e2e        c_w.l(btod.o)
    0x080032d4   0x080032d4   0x0000002a   Code   RO          380    CL$$btod_ediv       c_w.l(btod.o)
    0x080032fe   0x080032fe   0x0000002a   Code   RO          379    CL$$btod_emul       c_w.l(btod.o)
    0x08003328   0x08003328   0x00000244   Code   RO          385    CL$$btod_mult_common  c_w.l(btod.o)
    0x0800356c   0x0800356c   0x00000030   Code   RO          413    i.__ARM_fpclassify  m_wm.l(fpclassify.o)
    0x0800359c   0x0800359c   0x0000000e   Code   RO          273    i._is_digit         c_w.l(__printf_wp.o)
    0x080035aa   0x080035aa   0x00000002   PAD
    0x080035ac   0x080035ac   0x0000002c   Code   RO          401    locale$$code        c_w.l(lc_numeric_c.o)
    0x080035d8   0x080035d8   0x0000002c   Code   RO          423    locale$$code        c_w.l(lc_ctype_c.o)
    0x08003604   0x08003604   0x00000018   Code   RO          360    x$fpl$dcmpinf       fz_wm.l(dcmpi.o)
    0x0800361c   0x0800361c   0x00000078   Code   RO          306    x$fpl$deqf          fz_wm.l(deqf.o)
    0x08003694   0x08003694   0x0000002e   Code   RO          207    x$fpl$dflt          fz_wm.l(dflt_clz.o)
    0x080036c2   0x080036c2   0x00000002   PAD
    0x080036c4   0x080036c4   0x00000078   Code   RO          308    x$fpl$dgeqf         fz_wm.l(dgeqf.o)
    0x0800373c   0x0800373c   0x00000078   Code   RO          310    x$fpl$dleqf         fz_wm.l(dleqf.o)
    0x080037b4   0x080037b4   0x00000154   Code   RO          212    x$fpl$dmul          fz_wm.l(dmul.o)
    0x08003908   0x08003908   0x0000009c   Code   RO          312    x$fpl$dnaninf       fz_wm.l(dnaninf.o)
    0x080039a4   0x080039a4   0x0000000c   Code   RO          314    x$fpl$dretinf       fz_wm.l(dretinf.o)
    0x080039b0   0x080039b0   0x00000054   Code   RO          204    x$fpl$fcmp          fz_wm.l(dcmp.o)
    0x08003a04   0x08003a04   0x0000001a   Code   RO          485    x$fpl$fpinit        fz_wm.l(fpinit.o)
    0x08003a1e   0x08003a1e   0x00000004   Code   RO          316    x$fpl$printf1       fz_wm.l(printf1.o)
    0x08003a22   0x08003a22   0x00000004   Code   RO          318    x$fpl$printf2       fz_wm.l(printf2.o)
    0x08003a26   0x08003a26   0x00000000   Code   RO          324    x$fpl$usenofp       fz_wm.l(usenofp.o)
    0x08003a26   0x08003a26   0x00000002   PAD
    0x08003a28   0x08003a28   0x00000008   Data   RO          232    .constdata          c_w.l(_printf_wctomb.o)
    0x08003a30   0x08003a30   0x00000028   Data   RO          261    .constdata          c_w.l(_printf_hex_int_ll_ptr.o)
    0x08003a58   0x08003a58   0x00000011   Data   RO          281    .constdata          c_w.l(__printf_flags_ss_wp.o)
    0x08003a69   0x08003a69   0x00000026   Data   RO          349    .constdata          c_w.l(_printf_fp_hex.o)
    0x08003a8f   0x08003a8f   0x00000001   PAD
    0x08003a90   0x08003a90   0x00000094   Data   RO          374    .constdata          c_w.l(bigflt0.o)
    0x08003b24   0x08003b24   0x00000020   Data   RO          168    .rodata.HalfStep    motor.o
    0x08003b44   0x08003b44   0x000000d1   Data   RO           16    .rodata.str1.1      main.o
    0x08003c15   0x08003c15   0x00000003   PAD
    0x08003c18   0x08003c18   0x00000020   Data   RO          560    Region$$Table       anon$$obj.o
    0x08003c38   0x08003c38   0x0000001c   Data   RO          400    locale$$data        c_w.l(lc_numeric_c.o)
    0x08003c54   0x08003c54   0x00000110   Data   RO          422    locale$$data        c_w.l(lc_ctype_c.o)


    Execution Region RW_IRAM1 (Exec base: 0x20000000, Load base: 0x08003d68, Size: 0x00000ab8, Max: 0x00018000, ABSOLUTE)

    Exec Addr    Load Addr    Size         Type   Attr      Idx    E Section Name        Object

    0x20000000   0x08003d68   0x00000004   Data   RW           97    .data.active        uart.o
    0x20000004   0x08003d6c   0x00000004   Data   RW           99    .data.pending       uart.o
    0x20000008   0x08003d70   0x00000004   Data   RW           98    .data.tx            uart.o
    0x2000000c   0x08003d74   0x00000004   PAD
    0x20000010        -       0x00000060   Zero   RW          416    .bss                c_w.l(libspace.o)
    0x20000070        -       0x00000001   Zero   RW           24    .bss.Data_Receive   main.o
    0x20000071        -       0x00000001   Zero   RW           20    .bss.Data_Send      main.o
    0x20000072        -       0x00000001   Zero   RW           19    .bss.SecondaryAddress  main.o
    0x20000073        -       0x00000100   Zero   RW           18    .bss.buffer         main.o
    0x20000173   0x08003d74   0x00000001   PAD
    0x20000174        -       0x00000004   Zero   RW           15    .bss.commandDelay   main.o
    0x20000178        -       0x00000002   Zero   RW          185    .bss.dataX          accelerometer.o
    0x2000017a        -       0x00000002   Zero   RW          186    .bss.dataY          accelerometer.o
    0x2000017c        -       0x00000002   Zero   RW          187    .bss.dataZ          accelerometer.o
    0x2000017e        -       0x00000100   Zero   RW          103    .bss.data_t_0       uart.o
    0x2000027e        -       0x00000100   Zero   RW          104    .bss.data_t_1       uart.o
    0x2000037e        -       0x00000001   Zero   RW          169    .bss.dire           motor.o
    0x2000037f        -       0x00000001   Zero   RW           17    .bss.doorStatus     main.o
    0x20000380        -       0x00000001   Zero   RW          102    .bss.input_size     uart.o
    0x20000381        -       0x00000100   Zero   RW          101    .bss.inputs         uart.o
    0x20000481   0x08003d74   0x00000003   PAD
    0x20000484        -       0x00000004   Zero   RW           14    .bss.messageDelay   main.o
    0x20000488        -       0x00000004   Zero   RW           61    .bss.motor_ticks    systimer.o
    0x2000048c        -       0x00000001   Zero   RW          100    .bss.pending_size   uart.o
    0x2000048d   0x08003d74   0x00000003   PAD
    0x20000490        -       0x00000004   Zero   RW           60    .bss.step           systimer.o
    0x20000494        -       0x00000004   Zero   RW          167    .bss.stepIndex      motor.o
    0x20000498        -       0x00000004   Zero   RW           13    .bss.tempPrev       main.o
    0x2000049c        -       0x00000004   Zero   RW           12    .bss.tempState      main.o
    0x200004a0        -       0x00000008   Zero   RW           21    .bss.x              main.o
    0x200004a8        -       0x00000008   Zero   RW           22    .bss.y              main.o
    0x200004b0        -       0x00000008   Zero   RW           23    .bss.z              main.o
    0x200004b8        -       0x00000200   Zero   RW           33    HEAP                startup_stm32l476xx.o
    0x200006b8        -       0x00000400   Zero   RW           32    STACK               startup_stm32l476xx.o


==============================================================================

Image component sizes


      Code (inc. data)   RO Data    RW Data    ZI Data      Debug   Object Name

       490          0          0          0          6       1528   accelerometer.o
       186          0          0          0          0       2079   dma.o
       992          0          0          0          0       3462   i2c.o
      1488         16        209          0        300       6011   main.o
       426          0         32          0          5       2251   motor.o
       690          0          0          0          0       2316   spi.o
       140         48        392          0       1536        896   startup_stm32l476xx.o
       466          0          0          0          0       2113   sysclock.o
       304          0          0          0          8       4349   systimer.o
      1306          0          0         12        770       4135   uart.o

    ----------------------------------------------------------------------
      6540         64        668         12       2636      29140   Object Totals
         0          0         32          0          0          0   (incl. Generated)
        52          0          3          0         11          0   (incl. Padding)

    ----------------------------------------------------------------------

      Code (inc. data)   RO Data    RW Data    ZI Data      Debug   Library Member Name

         8          0          0          0          0         68   __main.o
       398          4         17          0          0         92   __printf_flags_ss_wp.o
        14          0          0          0          0         68   __printf_wp.o
         0          0          0          0          0          0   __rtentry.o
        12          0          0          0          0          0   __rtentry2.o
         6          0          0          0          0          0   __rtentry4.o
        94          8          0          0          0          0   __scatter.o
        26          0          0          0          0          0   __scatter_copy.o
        28          0          0          0          0          0   __scatter_zi.o
        72          0          0          0          0         96   _c16rtomb.o
         6          0          0          0          0          0   _printf_a.o
         6          0          0          0          0          0   _printf_c.o
        44          0          0          0          0        108   _printf_char.o
        48          6          0          0          0         96   _printf_char_common.o
        40          0          0          0          0         68   _printf_charcount.o
         6          0          0          0          0          0   _printf_d.o
       120         16          0          0          0         92   _printf_dec.o
         6          0          0          0          0          0   _printf_e.o
         6          0          0          0          0          0   _printf_f.o
      1058          0          0          0          0        148   _printf_fp_dec.o
       770          8         38          0          0        100   _printf_fp_hex.o
       128         16          0          0          0         84   _printf_fp_infnan.o
         6          0          0          0          0          0   _printf_g.o
       148          4         40          0          0        160   _printf_hex_int_ll_ptr.o
         6          0          0          0          0          0   _printf_i.o
       178          0          0          0          0         88   _printf_intcommon.o
        10          0          0          0          0          0   _printf_l.o
         6          0          0          0          0          0   _printf_lc.o
        10          0          0          0          0          0   _printf_ll.o
         6          0          0          0          0          0   _printf_lld.o
         6          0          0          0          0          0   _printf_lli.o
         6          0          0          0          0          0   _printf_llo.o
         6          0          0          0          0          0   _printf_llu.o
         6          0          0          0          0          0   _printf_llx.o
       124         16          0          0          0         92   _printf_longlong_dec.o
         6          0          0          0          0          0   _printf_ls.o
         6          0          0          0          0          0   _printf_n.o
         6          0          0          0          0          0   _printf_o.o
       112          8          0          0          0        124   _printf_oct_int_ll.o
         6          0          0          0          0          0   _printf_p.o
        78          0          0          0          0        108   _printf_pad.o
         0          0          0          0          0          0   _printf_percent.o
         4          0          0          0          0          0   _printf_percent_end.o
         6          0          0          0          0          0   _printf_s.o
        82          0          0          0          0         80   _printf_str.o
        36          0          0          0          0         84   _printf_truncate.o
         6          0          0          0          0          0   _printf_u.o
        44          0          0          0          0        108   _printf_wchar.o
       194          6          8          0          0         92   _printf_wctomb.o
         6          0          0          0          0          0   _printf_x.o
        10          0          0          0          0         68   _sputc.o
       228          4        148          0          0         96   bigflt0.o
      1936        128          0          0          0        668   btod.o
        18          0          0          0          0         80   exit.o
         6          0          0          0          0        152   heapauxi.o
         0          0          0          0          0          0   indicate_semi.o
        44         10        272          0          0         76   lc_ctype_c.o
        44         10         28          0          0         76   lc_numeric_c.o
         2          0          0          0          0          0   libinit.o
        34          0          0          0          0          0   libinit2.o
         2          0          0          0          0          0   libshutdown.o
         2          0          0          0          0          0   libshutdown2.o
         8          4          0          0         96         68   libspace.o
       138          0          0          0          0         80   lludiv10.o
        16          4          0          0          0         76   rt_ctype_table.o
         8          4          0          0          0         68   rt_locale_intlibspace.o
         2          0          0          0          0          0   rtexit.o
        10          0          0          0          0          0   rtexit2.o
        44          6          0          0          0         84   sprintf.o
       124          0          0          0          0         88   strcmpv7em.o
        62          0          0          0          0         76   strlen.o
        12          4          0          0          0         68   sys_exit.o
        74          0          0          0          0         80   sys_stackheap_outer.o
         2          0          0          0          0         68   use_no_semi.o
        84          0          0          0          0        244   dcmp.o
        24          0          0          0          0        116   dcmpi.o
       120          4          0          0          0        140   deqf.o
        46          0          0          0          0        116   dflt_clz.o
       120          4          0          0          0        140   dgeqf.o
       120          4          0          0          0        140   dleqf.o
       340         12          0          0          0        152   dmul.o
       156          4          0          0          0        140   dnaninf.o
        12          0          0          0          0        116   dretinf.o
        26          0          0          0          0        116   fpinit.o
         4          0          0          0          0        116   printf1.o
         4          0          0          0          0        116   printf2.o
         0          0          0          0          0          0   usenofp.o
        48          0          0          0          0        124   fpclassify.o

    ----------------------------------------------------------------------
      7956        294        552          0         96       5704   Library Totals
        20          0          1          0          0          0   (incl. Padding)

    ----------------------------------------------------------------------

      Code (inc. data)   RO Data    RW Data    ZI Data      Debug   Library Name

      6832        266        551          0         96       3928   c_w.l
      1056         28          0          0          0       1652   fz_wm.l
        48          0          0          0          0        124   m_wm.l

    ----------------------------------------------------------------------
      7956        294        552          0         96       5704   Library Totals

    ----------------------------------------------------------------------

==============================================================================


      Code (inc. data)   RO Data    RW Data    ZI Data      Debug   

     14496        358       1220         12       2732      31572   Grand Totals
     14496        358       1220         12       2732      31572   ELF Image Totals
     14496        358       1220         12          0          0   ROM Totals

==============================================================================

    Total RO  Size (Code + RO Data)                15716 (  15.35kB)
    Total RW  Size (RW Data + ZI Data)              2744 (   2.68kB)
    Total ROM Size (Code + RO Data + RW Data)      15728 (  15.36kB)

==============================================================================

