<html>
<body>
<pre>
<h1>µVision Build Log</h1>
<h2>Tool Versions:</h2>
IDE-Version: µVision V5.39.0.0
Copyright (C) 2023 ARM Ltd and ARM Germany GmbH. All rights reserved.
License Information: Pablo Landriz, University of California, Santa Barbara, LIC=----
 
Tool Versions:
Toolchain:       MDK-Lite  Version: 5.39.0.0
Toolchain Path:  C:\Keil_v5\ARM\ARMCLANG\Bin
C Compiler:      ArmClang.exe V6.21
Assembler:       Armasm.exe V6.21
Linker/Locator:  ArmLink.exe V6.21
Library Manager: ArmAr.exe V6.21
Hex Converter:   FromElf.exe V6.21
CPU DLL:         SARMCM3.DLL V5.39.0.0
Dialog DLL:      DCM.DLL V1.17.5.0
Target DLL:      STLink\ST-LINKIII-KEIL_SWO.dll V3.2.0.0
Dialog DLL:      TCM.DLL V1.56.4.0
 
<h2>Project:</h2>
C:\Users\vseenivasan\Downloads\project-main\project-main\Part_B_and_C\project.uvprojx
Project File Date:  06/03/2025

<h2>Output:</h2>
*** Using Compiler 'V6.21', folder: 'C:\Keil_v5\ARM\ARMCLANG\Bin'
Build target 'Target 1'
src/UART.c(158): warning: cast from 'volatile unsigned char *' to 'char *' drops volatile qualifier [-Wcast-qual]
  158 |                 uint32_t data_size = sprintf((char*)active, "%s", data); //Transfer char array to buffer
      |                                                     ^
src/UART.c(158): warning: implicit conversion changes signedness: 'int' to 'uint32_t' (aka 'unsigned int') [-Wsign-conversion]
  158 |                 uint32_t data_size = sprintf((char*)active, "%s", data); //Transfer char array to buffer
      |                          ~~~~~~~~~   ^~~~~~~~~~~~~~~~~~~~~~~~~~~~~~~~~~
src/UART.c(165): warning: cast to 'char *' from smaller integer type 'uint8_t' (aka 'unsigned char') [-Wint-to-pointer-cast]
  165 |                                 pending_size += sprintf((char*)pending[pending_size], "%s", data);
      |                                                         ^~~~~~~~~~~~~~~~~~~~~~~~~~~~
src/UART.c(182): warning: cast from 'volatile char *' to 'char *' drops volatile qualifier [-Wcast-qual]
  182 |                 UART_onInput((char *)inputs, IO_SIZE);
      |                                      ^
src/UART.c(193): warning: incompatible pointer types initializing 'uint32_t *' (aka 'unsigned int *') with an expression of type 'volatile uint8_t *' (aka 'volatile unsigned char *') [-Wincompatible-pointer-types]
  193 |         uint32_t* temp = active;
      |                   ^      ~~~~~~
src/UART.c(195): warning: incompatible pointer types assigning to 'volatile uint8_t *' (aka 'volatile unsigned char *') from 'uint32_t *' (aka 'unsigned int *') [-Wincompatible-pointer-types]
  195 |         pending = temp; 
      |                 ^ ~~~~
src/UART.c(14): warning: unused variable 'tx' [-Wunused-variable]
   14 | static volatile DMA_Channel_TypeDef * tx;
      |                                       ^~
src/UART.c(18): warning: unused variable 'input_size' [-Wunused-variable]
   18 | static volatile uint8_t input_size = 0;
      |                         ^~~~~~~~~~
src/UART.c(165): warning: unsafe buffer access [-Wunsafe-buffer-usage]
  165 |                                 pending_size += sprintf((char*)pending[pending_size], "%s", data);
      |                                                                ^~~~~~~
src/UART.c(176): warning: unsafe buffer access [-Wunsafe-buffer-usage]
  176 |                 inputs[inputIndex] = ch;
      |                 ^~~~~~
10 warnings generated.
compiling UART.c...
src/DMA.c(13): warning: unused parameter 'uart' [-Wunused-parameter]
   13 | void DMA_Init_UARTx(DMA_Channel_TypeDef * tx, USART_TypeDef * uart) {
      |                                                               ^
1 warning generated.
compiling DMA.c...
linking...
Program Size: Code=9916 RO-data=1100 RW-data=8 ZI-data=2424  
FromELF: creating hex file...
".\Objects\project.axf" - 0 Error(s), 11 Warning(s).

<h2>Software Packages used:</h2>

Package Vendor: ARM
                http://www.keil.com/pack/ARM.CMSIS.5.9.0.pack
                ARM::CMSIS@5.9.0
                CMSIS (Common Microcontroller Software Interface Standard)
   * Component: CORE Version: 5.6.0

Package Vendor: Keil
                https://www.keil.com/pack/Keil.STM32L4xx_DFP.2.7.0.pack
                Keil::STM32L4xx_DFP@2.7.0
                STMicroelectronics STM32L4 Series Device Support, Drivers and Examples

<h2>Collection of Component include folders:</h2>
  ./RTE/_Target_1
  C:/Keil_v5/Packs/ARM/CMSIS/5.9.0/CMSIS/Core/Include
  C:/Keil_v5/Packs/Keil/STM32L4xx_DFP/2.7.0/Drivers/CMSIS/Device/ST/STM32L4xx/Include

<h2>Collection of Component Files used:</h2>

   * Component: ARM::CMSIS:CORE@5.6.0
Build Time Elapsed:  00:00:00
</pre>
</body>
</html>
